Archive member included to satisfy reference by file (symbol)

/Applications/VEXcode Pro V5.app/Contents/Resources/sdk/vexv5/libv5rt.a(v5_startup.c.obj)
                              (vexStartup)
/Applications/VEXcode Pro V5.app/Contents/Resources/sdk/vexv5/libv5rt.a(v5_util.c.obj)
                              /Applications/VEXcode Pro V5.app/Contents/Resources/sdk/vexv5/libv5rt.a(v5_startup.c.obj) (vexStdlibVersionLinked)
/Applications/VEXcode Pro V5.app/Contents/Resources/sdk/vexv5/libv5rt.a(v5_apijump.c.obj)
                              /Applications/VEXcode Pro V5.app/Contents/Resources/sdk/vexv5/libv5rt.a(v5_startup.c.obj) (vexPrivateApiEnable)
/Applications/VEXcode Pro V5.app/Contents/Resources/sdk/vexv5/libv5rt.a(v5_apiversions.c.obj)
                              /Applications/VEXcode Pro V5.app/Contents/Resources/sdk/vexv5/libv5rt.a(v5_apijump.c.obj) (vexSystemVersion)
/Applications/VEXcode Pro V5.app/Contents/Resources/sdk/vexv5/libv5rt.a(vex_global.cpp.obj)
                              build/src/Auto.o (vex::wait(double, vex::timeUnits))
/Applications/VEXcode Pro V5.app/Contents/Resources/sdk/vexv5/libv5rt.a(vex_motor.cpp.obj)
                              build/src/robot-config.o (vex::motor::~motor())
/Applications/VEXcode Pro V5.app/Contents/Resources/sdk/vexv5/libv5rt.a(vex_imu.cpp.obj)
                              build/src/robot-config.o (vex::inertial::~inertial())
/Applications/VEXcode Pro V5.app/Contents/Resources/sdk/vexv5/libv5rt.a(vex_gps.cpp.obj)
                              build/src/Mach8Src/Gps.o (vex::gps::setRotation(double, vex::rotationUnits))
/Applications/VEXcode Pro V5.app/Contents/Resources/sdk/vexv5/libv5rt.a(vex_controller.cpp.obj)
                              build/src/robot-config.o (vex::controller::~controller())
/Applications/VEXcode Pro V5.app/Contents/Resources/sdk/vexv5/libv5rt.a(vex_task.cpp.obj)
                              build/src/Auto.o (vex::task::task())
/Applications/VEXcode Pro V5.app/Contents/Resources/sdk/vexv5/libv5rt.a(vex_thread.cpp.obj)
                              /Applications/VEXcode Pro V5.app/Contents/Resources/sdk/vexv5/libv5rt.a(vex_global.cpp.obj) (vex::this_thread::sleep_for(unsigned long))
/Applications/VEXcode Pro V5.app/Contents/Resources/sdk/vexv5/libv5rt.a(vex_event.cpp.obj)
                              /Applications/VEXcode Pro V5.app/Contents/Resources/sdk/vexv5/libv5rt.a(vex_imu.cpp.obj) (vex::event::init(unsigned long, unsigned long, void (*)()))
/Applications/VEXcode Pro V5.app/Contents/Resources/sdk/vexv5/libv5rt.a(vex_mevent.cpp.obj)
                              /Applications/VEXcode Pro V5.app/Contents/Resources/sdk/vexv5/libv5rt.a(vex_controller.cpp.obj) (vex::mevent::mevent(unsigned long, unsigned long))
/Applications/VEXcode Pro V5.app/Contents/Resources/sdk/vexv5/libv5rt.a(vex_brain.cpp.obj)
                              build/src/Auto.o (vex::brain::timer(vex::timeUnits))
/Applications/VEXcode Pro V5.app/Contents/Resources/sdk/vexv5/libv5rt.a(vex_competition.cpp.obj)
                              build/src/main.o (vex::competition::competition())
/Applications/VEXcode Pro V5.app/Contents/Resources/sdk/vexv5/libv5rt.a(vex_triport.cpp.obj)
                              /Applications/VEXcode Pro V5.app/Contents/Resources/sdk/vexv5/libv5rt.a(vex_brain.cpp.obj) (vex::triport::~triport())
/Applications/VEXcode Pro V5.app/Contents/Resources/sdk/vexv5/libv5rt.a(vex_color.cpp.obj)
                              /Applications/VEXcode Pro V5.app/Contents/Resources/sdk/vexv5/libv5rt.a(vex_brain.cpp.obj) (vex::color::operator unsigned long() const)
/Applications/VEXcode Pro V5.app/Contents/Resources/sdk/vexv5/libv5rt.a(vex_timer.cpp.obj)
                              /Applications/VEXcode Pro V5.app/Contents/Resources/sdk/vexv5/libv5rt.a(vex_brain.cpp.obj) (vex::timer::~timer())
/Applications/VEXcode Pro V5.app/Contents/Resources/sdk/vexv5/libv5rt.a(vex_vexlink.cpp.obj)
                              build/src/main.o (vex::message_link::~message_link())
/Applications/VEXcode Pro V5.app/Contents/Resources/sdk/vexv5/libv5rt.a(v5_apiuser.c.obj)
                              /Applications/VEXcode Pro V5.app/Contents/Resources/sdk/vexv5/libv5rt.a(vex_triport.cpp.obj) (vexAdiPortConfigSet)
/Applications/VEXcode Pro V5.app/Contents/Resources/sdk/vexv5/libv5rt.a(vex_device.cpp.obj)
                              /Applications/VEXcode Pro V5.app/Contents/Resources/sdk/vexv5/libv5rt.a(vex_motor.cpp.obj) (vex::device::~device())
/Applications/VEXcode Pro V5.app/Contents/Resources/sdk/vexv5/gcc/libs/libc.a(lib_a-fini.o)
                              /Applications/VEXcode Pro V5.app/Contents/Resources/sdk/vexv5/libv5rt.a(v5_startup.c.obj) (__libc_fini_array)
/Applications/VEXcode Pro V5.app/Contents/Resources/sdk/vexv5/gcc/libs/libc.a(lib_a-impure.o)
                              /Applications/VEXcode Pro V5.app/Contents/Resources/sdk/vexv5/libv5rt.a(v5_startup.c.obj) (_impure_ptr)
[...]
Memory Configuration

Name             Origin             Length             Attributes
ps7_ddr_0_S_AXI_BASEADDR 0x0000000003800000 0x0000000004800000
*default*        0x0000000000000000 0xffffffffffffffff

Linker script and memory map

                0x0000000000002000                _STACK_SIZE = DEFINED (_STACK_SIZE)?_STACK_SIZE:0x2000
                0x0000000000100000                _HEAP_SIZE = DEFINED (_HEAP_SIZE)?_HEAP_SIZE:0x100000
                0x0000000000000400                _ABORT_STACK_SIZE = DEFINED (_ABORT_STACK_SIZE)?_ABORT_STACK_SIZE:0x400
                0x0000000000000800                _SUPERVISOR_STACK_SIZE = DEFINED (_SUPERVISOR_STACK_SIZE)?_SUPERVISOR_STACK_SIZE:0x800
                0x0000000000000400                _IRQ_STACK_SIZE = DEFINED (_IRQ_STACK_SIZE)?_IRQ_STACK_SIZE:0x400
                0x0000000000000400                _FIQ_STACK_SIZE = DEFINED (_FIQ_STACK_SIZE)?_FIQ_STACK_SIZE:0x400
                0x0000000000000400                _UNDEF_STACK_SIZE = DEFINED (_UNDEF_STACK_SIZE)?_UNDEF_STACK_SIZE:0x400

.text           0x0000000003800000     0x8428
 *(.vectors)
 *(.boot_data)
 .boot_data     0x0000000003800000       0x20 /Applications/VEXcode Pro V5.app/Contents/Resources/sdk/vexv5/libv5rt.a(v5_startup.c.obj)
                0x0000000003800000                vexCodeSig
                0x0000000000000020                . = 0x20
 *(.boot)
 .boot          0x0000000003800020       0xbc /Applications/VEXcode Pro V5.app/Contents/Resources/sdk/vexv5/libv5rt.a(v5_startup.c.obj)
                0x0000000003800020                vexStartup
                0x0000000003800100                . = ALIGN (0x40)
 *fill*         0x00000000038000dc       0x24 
 *(.freertos_vectors)
 *(.text)
 *(.text.*)
 .text._Z7leftTipv
                0x0000000003800100      0x2c0 build/src/Auto.o
                0x0000000003800100                leftTip()
 .text._Z5saucev
                0x00000000038003c0      0x128 build/src/Auto.o
                0x00000000038003c0                sauce()
 .text._Z8rightTipv
                0x00000000038004e8      0x368 build/src/Auto.o
                0x00000000038004e8                rightTip()
 .text._Z9rightClawv
                0x0000000003800850      0x1b8 build/src/Auto.o
                0x0000000003800850                rightClaw()
 .text._Z8winPointv
                0x0000000003800a08      0x400 build/src/Auto.o
                0x0000000003800a08                winPoint()
 .text._Z6skillsv
                0x0000000003800e08     0x1090 build/src/Auto.o
                0x0000000003800e08                skills()
 .text._Z4testv
                0x0000000003801e98       0xa0 build/src/Auto.o
                0x0000000003801e98                test()
 .text._Z7runAutov
                0x0000000003801f38      0x11c build/src/Auto.o
                0x0000000003801f38                runAuto()
 .text._GLOBAL__sub_I_Auto.cpp
                0x0000000003802054      0x118 build/src/Auto.o
 .text._Z7decAutov
                0x000000000380216c       0x70 build/src/autoSelector.o
                0x000000000380216c                decAuto()
 .text._Z7incAutov
                0x00000000038021dc       0x74 build/src/autoSelector.o
                0x00000000038021dc                incAuto()
 .text._Z12autoSelectorv
                0x0000000003802250       0x70 build/src/autoSelector.o
                0x0000000003802250                autoSelector()
 .text._Z8revDrivev
                0x00000000038022c0       0x18 build/src/drive.o
                0x00000000038022c0                revDrive()
 .text._Z7driveOpv
                0x00000000038022d8      0x180 build/src/drive.o
                0x00000000038022d8                driveOp()
 .text._Z8intakeOpv
                0x0000000003802458      0x158 build/src/intake.o
                0x0000000003802458                intakeOp()
 .text._Z10initIntakev
                0x00000000038025b0       0x28 build/src/intake.o
                0x00000000038025b0                initIntake()
 .text._Z10intakeAutoici
                0x00000000038025d8       0xc0 build/src/intake.o
                0x00000000038025d8                intakeAuto(int, char, int)
 .text._Z11intakeAsync11intakeState
                0x0000000003802698       0x98 build/src/intake.o
                0x0000000003802698                intakeAsync(intakeState)
 .text._Z12intakeSkillsv
                0x0000000003802730       0x98 build/src/intake.o
                0x0000000003802730                intakeSkills()
 .text._Z6liftOpv
                0x00000000038027c8      0x190 build/src/lift.o
                0x00000000038027c8                liftOp()
 .text._Z14liftClawTogglev
                0x0000000003802958       0x38 build/src/lift.o
                0x0000000003802958                liftClawToggle()
 .text._Z8liftAutodc
                0x0000000003802990       0x80 build/src/lift.o
                0x0000000003802990                liftAuto(double, char)
 .text._Z9liftAsyncv
                0x0000000003802a10       0xb4 build/src/lift.o
                0x0000000003802a10                liftAsync()
 .text._Z12liftClawAutob
                0x0000000003802ac4       0x30 build/src/lift.o
                0x0000000003802ac4                liftClawAuto(bool)
 .text._Z8initLiftv
                0x0000000003802af4       0x28 build/src/lift.o
                0x0000000003802af4                initLift()
 .text._Z17resetLiftEncodersv
                0x0000000003802b1c        0xc build/src/lift.o
                0x0000000003802b1c                resetLiftEncoders()
 .text._Z9pre_autonv
                0x0000000003802b28       0x88 build/src/main.o
                0x0000000003802b28                pre_auton()
 .text._Z10autonomousv
                0x0000000003802bb0        0x4 build/src/main.o
                0x0000000003802bb0                autonomous()
 .text._Z11usercontrolv
                0x0000000003802bb4       0x70 build/src/main.o
                0x0000000003802bb4                usercontrol()
 *fill*         0x0000000003802c24        0x4 
 .text.main     0x0000000003802c28       0x68 build/src/main.o
                0x0000000003802c28                main
 .text._GLOBAL__sub_I_main.cpp
                0x0000000003802c90       0x7c build/src/main.o
 .text._Z8mogoAutob
                0x0000000003802d0c       0x2c build/src/mogolift.o
                0x0000000003802d0c                mogoAuto(bool)
 .text._Z10mogoTogglev
                0x0000000003802d38       0x38 build/src/mogolift.o
                0x0000000003802d38                mogoToggle()
 .text._Z11vexcodeInitv
                0x0000000003802d70        0x4 build/src/robot-config.o
                0x0000000003802d70                vexcodeInit()
 *fill*         0x0000000003802d74        0x4 
 .text._GLOBAL__sub_I_robot_config.cpp
                0x0000000003802d78      0x3c8 build/src/robot-config.o
 .text._ZN9mh8_Drive14mh8_Drivetrain13driveLeftVoltEd
                0x0000000003803140       0x78 build/src/Mach8Src/Drivetrain.o
                0x0000000003803140                mh8_Drive::mh8_Drivetrain::driveLeftVolt(double)
 .text._ZN9mh8_Drive14mh8_Drivetrain14driveRightVoltEd
                0x00000000038031b8       0x78 build/src/Mach8Src/Drivetrain.o
                0x00000000038031b8                mh8_Drive::mh8_Drivetrain::driveRightVolt(double)
 .text._ZN9mh8_Drive14mh8_Drivetrain12driveVoltPIDEdc
                0x0000000003803230      0x100 build/src/Mach8Src/Drivetrain.o
                0x0000000003803230                mh8_Drive::mh8_Drivetrain::driveVoltPID(double, char)
 .text._ZN9mh8_Drive14mh8_Drivetrain19getAvgDriveSideVeloEc
                0x0000000003803330       0xd8 build/src/Mach8Src/Drivetrain.o
                0x0000000003803330                mh8_Drive::mh8_Drivetrain::getAvgDriveSideVelo(char)
 .text._ZN9mh8_Drive14mh8_Drivetrain9driveLeftEd
                0x0000000003803408       0x6c build/src/Mach8Src/Drivetrain.o
                0x0000000003803408                mh8_Drive::mh8_Drivetrain::driveLeft(double)
 .text._ZN9mh8_Drive14mh8_Drivetrain10driveRightEd
                0x0000000003803474       0x6c build/src/Mach8Src/Drivetrain.o
                0x0000000003803474                mh8_Drive::mh8_Drivetrain::driveRight(double)
 .text._ZN9mh8_Drive14mh8_Drivetrain8autoParkEv
                0x00000000038034e0      0x208 build/src/Mach8Src/Drivetrain.o
                0x00000000038034e0                mh8_Drive::mh8_Drivetrain::autoPark()
 .text._ZN9mh8_Drive14mh8_Drivetrain8setBrakeEc
                0x00000000038036e8       0xcc build/src/Mach8Src/Drivetrain.o
                0x00000000038036e8                mh8_Drive::mh8_Drivetrain::setBrake(char)
 .text._ZN9mh8_Drive14mh8_Drivetrain10resetDriveEv
                0x00000000038037b4       0x9c build/src/Mach8Src/Drivetrain.o
                0x00000000038037b4                mh8_Drive::mh8_Drivetrain::resetDrive()
 .text._ZN9mh8_Drive14mh8_Drivetrain15o_driveStraightEddc
                0x0000000003803850      0x1f0 build/src/Mach8Src/Drivetrain.o
                0x0000000003803850                mh8_Drive::mh8_Drivetrain::o_driveStraight(double, double, char)
 .text._ZN9mh8_Drive14mh8_Drivetrain13driveStraightEddc
                0x0000000003803a40      0x224 build/src/Mach8Src/Drivetrain.o
                0x0000000003803a40                mh8_Drive::mh8_Drivetrain::driveStraight(double, double, char)
 .text._ZN9mh8_Drive14mh8_Drivetrain18getAvgDriveSideDegEc
                0x0000000003803c64       0x9c build/src/Mach8Src/Drivetrain.o
                0x0000000003803c64                mh8_Drive::mh8_Drivetrain::getAvgDriveSideDeg(char)
 .text._ZN9mh8_Drive14mh8_Drivetrain4TurnEdic
                0x0000000003803d00      0x120 build/src/Mach8Src/Drivetrain.o
                0x0000000003803d00                mh8_Drive::mh8_Drivetrain::Turn(double, int, char)
 .text._ZN9mh8_Drive14mh8_Drivetrain7drivingEv
                0x0000000003803e20       0x84 build/src/Mach8Src/Drivetrain.o
                0x0000000003803e20                mh8_Drive::mh8_Drivetrain::driving()
 *fill*         0x0000000003803ea4        0x4 
 .text._ZN9mh8_Drive14mh8_Drivetrain12inertialTurnEdi
                0x0000000003803ea8      0x360 build/src/Mach8Src/Drivetrain.o
                0x0000000003803ea8                mh8_Drive::mh8_Drivetrain::inertialTurn(double, int)
 .text._ZN9mh8_Drive14mh8_Drivetrain3ArcEddddc
                0x0000000003804208      0x170 build/src/Mach8Src/Drivetrain.o
                0x0000000003804208                mh8_Drive::mh8_Drivetrain::Arc(double, double, double, double, char)
 .text._ZN9mh8_Drive14mh8_Drivetrain10printDebugEv
                0x0000000003804378       0x60 build/src/Mach8Src/Odom.o
                0x0000000003804378                mh8_Drive::mh8_Drivetrain::printDebug()
 .text.vexMain  0x00000000038043d8       0xb0 /Applications/VEXcode Pro V5.app/Contents/Resources/sdk/vexv5/libv5rt.a(v5_startup.c.obj)
                0x00000000038043d8                vexMain
 .text.__vex_function_prolog
                0x0000000003804488       0x18 /Applications/VEXcode Pro V5.app/Contents/Resources/sdk/vexv5/libv5rt.a(v5_startup.c.obj)
                0x0000000003804488                __vex_function_prolog
 .text._init    0x00000000038044a0        0x4 /Applications/VEXcode Pro V5.app/Contents/Resources/sdk/vexv5/libv5rt.a(v5_startup.c.obj)
                0x00000000038044a0                _init
 .text._fini    0x00000000038044a4        0x4 /Applications/VEXcode Pro V5.app/Contents/Resources/sdk/vexv5/libv5rt.a(v5_startup.c.obj)
                0x00000000038044a4                _fini
 .text.vexStdlibVersionLinked
                0x00000000038044a8        0xc /Applications/VEXcode Pro V5.app/Contents/Resources/sdk/vexv5/libv5rt.a(v5_util.c.obj)
                0x00000000038044a8                vexStdlibVersionLinked
 .text.vexStdlibVersionVerify
                0x00000000038044b4       0x30 /Applications/VEXcode Pro V5.app/Contents/Resources/sdk/vexv5/libv5rt.a(v5_util.c.obj)
                0x00000000038044b4                vexStdlibVersionVerify
 .text.vexPrivateApiEnable
                0x00000000038044e4       0x10 /Applications/VEXcode Pro V5.app/Contents/Resources/sdk/vexv5/libv5rt.a(v5_apijump.c.obj)
                0x00000000038044e4                vexPrivateApiEnable
 .text.vexStdlibMismatchError
                0x00000000038044f4       0x3c /Applications/VEXcode Pro V5.app/Contents/Resources/sdk/vexv5/libv5rt.a(v5_apijump.c.obj)
                0x00000000038044f4                vexStdlibMismatchError
 .text.vexTaskAdd
                0x0000000003804530       0x10 /Applications/VEXcode Pro V5.app/Contents/Resources/sdk/vexv5/libv5rt.a(v5_apijump.c.obj)
                0x0000000003804530                vexTaskAdd
 .text.vexTasksRun
                0x0000000003804540       0x10 /Applications/VEXcode Pro V5.app/Contents/Resources/sdk/vexv5/libv5rt.a(v5_apijump.c.obj)
                0x0000000003804540                vexTasksRun
 .text.vexTaskYield
                0x0000000003804550       0x10 /Applications/VEXcode Pro V5.app/Contents/Resources/sdk/vexv5/libv5rt.a(v5_apijump.c.obj)
                0x0000000003804550                vexTaskYield
 .text.vexTaskCheckTimeslice
                0x0000000003804560       0x10 /Applications/VEXcode Pro V5.app/Contents/Resources/sdk/vexv5/libv5rt.a(v5_apijump.c.obj)
                0x0000000003804560                vexTaskCheckTimeslice
 .text.vexTaskGetIndex
                0x0000000003804570       0x10 /Applications/VEXcode Pro V5.app/Contents/Resources/sdk/vexv5/libv5rt.a(v5_apijump.c.obj)
                0x0000000003804570                vexTaskGetIndex
 .text.vexTaskSleep
                0x0000000003804580       0x10 /Applications/VEXcode Pro V5.app/Contents/Resources/sdk/vexv5/libv5rt.a(v5_apijump.c.obj)
                0x0000000003804580                vexTaskSleep
 .text.vexTasksDump
                0x0000000003804590       0x1c /Applications/VEXcode Pro V5.app/Contents/Resources/sdk/vexv5/libv5rt.a(v5_apijump.c.obj)
                0x0000000003804590                vexTasksDump
 .text.vexTaskGetTaskIndex
                0x00000000038045ac       0x10 /Applications/VEXcode Pro V5.app/Contents/Resources/sdk/vexv5/libv5rt.a(v5_apijump.c.obj)
                0x00000000038045ac                vexTaskGetTaskIndex
 .text.vexTaskStopAll
                0x00000000038045bc       0x10 /Applications/VEXcode Pro V5.app/Contents/Resources/sdk/vexv5/libv5rt.a(v5_apijump.c.obj)
                0x00000000038045bc                vexTaskStopAll
 .text.vexTaskRemoveAllUser
                0x00000000038045cc       0x34 /Applications/VEXcode Pro V5.app/Contents/Resources/sdk/vexv5/libv5rt.a(v5_apijump.c.obj)
                0x00000000038045cc                vexTaskRemoveAllUser
 .text.vexTaskCompletionIdSet
                0x0000000003804600       0x10 /Applications/VEXcode Pro V5.app/Contents/Resources/sdk/vexv5/libv5rt.a(v5_apijump.c.obj)
                0x0000000003804600                vexTaskCompletionIdSet
 .text.vexTaskStopWithId
                0x0000000003804610       0x10 /Applications/VEXcode Pro V5.app/Contents/Resources/sdk/vexv5/libv5rt.a(v5_apijump.c.obj)
                0x0000000003804610                vexTaskStopWithId
 .text.vexTaskGetCallbackAndId
                0x0000000003804620       0x54 /Applications/VEXcode Pro V5.app/Contents/Resources/sdk/vexv5/libv5rt.a(v5_apijump.c.obj)
                0x0000000003804620                vexTaskGetCallbackAndId
 .text.vexCriticalSection
                0x0000000003804674       0x2c /Applications/VEXcode Pro V5.app/Contents/Resources/sdk/vexv5/libv5rt.a(v5_apijump.c.obj)
                0x0000000003804674                vexCriticalSection
 .text.vexEventAdd
                0x00000000038046a0       0x34 /Applications/VEXcode Pro V5.app/Contents/Resources/sdk/vexv5/libv5rt.a(v5_apijump.c.obj)
                0x00000000038046a0                vexEventAdd
 .text.vexEventUserIndexGet
                0x00000000038046d4       0x1c /Applications/VEXcode Pro V5.app/Contents/Resources/sdk/vexv5/libv5rt.a(v5_apijump.c.obj)
                0x00000000038046d4                vexEventUserIndexGet
 .text.vexEventAddWithArg
                0x00000000038046f0       0x3c /Applications/VEXcode Pro V5.app/Contents/Resources/sdk/vexv5/libv5rt.a(v5_apijump.c.obj)
                0x00000000038046f0                vexEventAddWithArg
 .text.vexEventsCleanup
                0x000000000380472c       0x2c /Applications/VEXcode Pro V5.app/Contents/Resources/sdk/vexv5/libv5rt.a(v5_apijump.c.obj)
                0x000000000380472c                vexEventsCleanup
 .text.vexDebug
                0x0000000003804758       0x38 /Applications/VEXcode Pro V5.app/Contents/Resources/sdk/vexv5/libv5rt.a(v5_apijump.c.obj)
                0x0000000003804758                vexDebug
 .text.vex_sprintf
                0x0000000003804790       0x40 /Applications/VEXcode Pro V5.app/Contents/Resources/sdk/vexv5/libv5rt.a(v5_apijump.c.obj)
                0x0000000003804790                vex_sprintf
 .text.vex_vsnprintf
                0x00000000038047d0       0x3c /Applications/VEXcode Pro V5.app/Contents/Resources/sdk/vexv5/libv5rt.a(v5_apijump.c.obj)
                0x00000000038047d0                vex_vsnprintf
 .text.vexSystemTimeGet
                0x000000000380480c       0x1c /Applications/VEXcode Pro V5.app/Contents/Resources/sdk/vexv5/libv5rt.a(v5_apijump.c.obj)
                0x000000000380480c                vexSystemTimeGet
 .text.vexSystemExitRequest
                0x0000000003804828       0x1c /Applications/VEXcode Pro V5.app/Contents/Resources/sdk/vexv5/libv5rt.a(v5_apijump.c.obj)
                0x0000000003804828                vexSystemExitRequest
 .text.vexDeviceGetByIndex
                0x0000000003804844       0x24 /Applications/VEXcode Pro V5.app/Contents/Resources/sdk/vexv5/libv5rt.a(v5_apijump.c.obj)
                0x0000000003804844                vexDeviceGetByIndex
 .text.vexControllerGet
                0x0000000003804868       0x2c /Applications/VEXcode Pro V5.app/Contents/Resources/sdk/vexv5/libv5rt.a(v5_apijump.c.obj)
                0x0000000003804868                vexControllerGet
 .text.vexDeviceAdiPortConfigSet
                0x0000000003804894       0x34 /Applications/VEXcode Pro V5.app/Contents/Resources/sdk/vexv5/libv5rt.a(v5_apijump.c.obj)
                0x0000000003804894                vexDeviceAdiPortConfigSet
 .text.vexDeviceAdiPortConfigGet
                0x00000000038048c8       0x2c /Applications/VEXcode Pro V5.app/Contents/Resources/sdk/vexv5/libv5rt.a(v5_apijump.c.obj)
                0x00000000038048c8                vexDeviceAdiPortConfigGet
 .text.vexDeviceAdiValueSet
                0x00000000038048f4       0x34 /Applications/VEXcode Pro V5.app/Contents/Resources/sdk/vexv5/libv5rt.a(v5_apijump.c.obj)
                0x00000000038048f4                vexDeviceAdiValueSet
 .text.vexDeviceAdiValueGet
                0x0000000003804928       0x2c /Applications/VEXcode Pro V5.app/Contents/Resources/sdk/vexv5/libv5rt.a(v5_apijump.c.obj)
                0x0000000003804928                vexDeviceAdiValueGet
 .text.vexDeviceMotorVelocitySet
                0x0000000003804954       0x2c /Applications/VEXcode Pro V5.app/Contents/Resources/sdk/vexv5/libv5rt.a(v5_apijump.c.obj)
                0x0000000003804954                vexDeviceMotorVelocitySet
 .text.vexDeviceMotorVoltageSet
                0x0000000003804980       0x2c /Applications/VEXcode Pro V5.app/Contents/Resources/sdk/vexv5/libv5rt.a(v5_apijump.c.obj)
                0x0000000003804980                vexDeviceMotorVoltageSet
 .text.vexDeviceMotorActualVelocityGet
                0x00000000038049ac       0x24 /Applications/VEXcode Pro V5.app/Contents/Resources/sdk/vexv5/libv5rt.a(v5_apijump.c.obj)
                0x00000000038049ac                vexDeviceMotorActualVelocityGet
 .text.vexDeviceMotorZeroPositionFlagGet
                0x00000000038049d0       0x24 /Applications/VEXcode Pro V5.app/Contents/Resources/sdk/vexv5/libv5rt.a(v5_apijump.c.obj)
                0x00000000038049d0                vexDeviceMotorZeroPositionFlagGet
 .text.vexDeviceMotorReverseFlagSet
                0x00000000038049f4       0x2c /Applications/VEXcode Pro V5.app/Contents/Resources/sdk/vexv5/libv5rt.a(v5_apijump.c.obj)
                0x00000000038049f4                vexDeviceMotorReverseFlagSet
 .text.vexDeviceMotorEncoderUnitsSet
                0x0000000003804a20       0x2c /Applications/VEXcode Pro V5.app/Contents/Resources/sdk/vexv5/libv5rt.a(v5_apijump.c.obj)
                0x0000000003804a20                vexDeviceMotorEncoderUnitsSet
 .text.vexDeviceMotorBrakeModeSet
                0x0000000003804a4c       0x2c /Applications/VEXcode Pro V5.app/Contents/Resources/sdk/vexv5/libv5rt.a(v5_apijump.c.obj)
                0x0000000003804a4c                vexDeviceMotorBrakeModeSet
 .text.vexDeviceMotorPositionSet
                0x0000000003804a78       0x34 /Applications/VEXcode Pro V5.app/Contents/Resources/sdk/vexv5/libv5rt.a(v5_apijump.c.obj)
                0x0000000003804a78                vexDeviceMotorPositionSet
 .text.vexDeviceMotorPositionGet
                0x0000000003804aac       0x24 /Applications/VEXcode Pro V5.app/Contents/Resources/sdk/vexv5/libv5rt.a(v5_apijump.c.obj)
                0x0000000003804aac                vexDeviceMotorPositionGet
 .text.vexDeviceMotorAbsoluteTargetSet
                0x0000000003804ad0       0x3c /Applications/VEXcode Pro V5.app/Contents/Resources/sdk/vexv5/libv5rt.a(v5_apijump.c.obj)
                0x0000000003804ad0                vexDeviceMotorAbsoluteTargetSet
 .text.vexDeviceMotorRelativeTargetSet
                0x0000000003804b0c       0x3c /Applications/VEXcode Pro V5.app/Contents/Resources/sdk/vexv5/libv5rt.a(v5_apijump.c.obj)
                0x0000000003804b0c                vexDeviceMotorRelativeTargetSet
 .text.vexDeviceMotorGearingSet
                0x0000000003804b48       0x2c /Applications/VEXcode Pro V5.app/Contents/Resources/sdk/vexv5/libv5rt.a(v5_apijump.c.obj)
                0x0000000003804b48                vexDeviceMotorGearingSet
 .text.vexDeviceMotorGearingGet
                0x0000000003804b74       0x24 /Applications/VEXcode Pro V5.app/Contents/Resources/sdk/vexv5/libv5rt.a(v5_apijump.c.obj)
                0x0000000003804b74                vexDeviceMotorGearingGet
 .text.vexDeviceImuReset
                0x0000000003804b98       0x24 /Applications/VEXcode Pro V5.app/Contents/Resources/sdk/vexv5/libv5rt.a(v5_apijump.c.obj)
                0x0000000003804b98                vexDeviceImuReset
 .text.vexDeviceImuHeadingGet
                0x0000000003804bbc       0x24 /Applications/VEXcode Pro V5.app/Contents/Resources/sdk/vexv5/libv5rt.a(v5_apijump.c.obj)
                0x0000000003804bbc                vexDeviceImuHeadingGet
 .text.vexDeviceImuDegreesGet
                0x0000000003804be0       0x24 /Applications/VEXcode Pro V5.app/Contents/Resources/sdk/vexv5/libv5rt.a(v5_apijump.c.obj)
                0x0000000003804be0                vexDeviceImuDegreesGet
 .text.vexDeviceImuAttitudeGet
                0x0000000003804c04       0x2c /Applications/VEXcode Pro V5.app/Contents/Resources/sdk/vexv5/libv5rt.a(v5_apijump.c.obj)
                0x0000000003804c04                vexDeviceImuAttitudeGet
 .text.vexDeviceImuStatusGet
                0x0000000003804c30       0x24 /Applications/VEXcode Pro V5.app/Contents/Resources/sdk/vexv5/libv5rt.a(v5_apijump.c.obj)
                0x0000000003804c30                vexDeviceImuStatusGet
 .text.vexDeviceGpsReset
                0x0000000003804c54       0x38 /Applications/VEXcode Pro V5.app/Contents/Resources/sdk/vexv5/libv5rt.a(v5_apijump.c.obj)
                0x0000000003804c54                vexDeviceGpsReset
 .text.vexDeviceGpsHeadingGet
                0x0000000003804c8c       0x44 /Applications/VEXcode Pro V5.app/Contents/Resources/sdk/vexv5/libv5rt.a(v5_apijump.c.obj)
                0x0000000003804c8c                vexDeviceGpsHeadingGet
 .text.vexDeviceGpsDegreesGet
                0x0000000003804cd0       0x44 /Applications/VEXcode Pro V5.app/Contents/Resources/sdk/vexv5/libv5rt.a(v5_apijump.c.obj)
                0x0000000003804cd0                vexDeviceGpsDegreesGet
 .text.vexDeviceGpsStatusGet
                0x0000000003804d14       0x40 /Applications/VEXcode Pro V5.app/Contents/Resources/sdk/vexv5/libv5rt.a(v5_apijump.c.obj)
                0x0000000003804d14                vexDeviceGpsStatusGet
 .text.vexDeviceGpsModeSet
                0x0000000003804d54       0x40 /Applications/VEXcode Pro V5.app/Contents/Resources/sdk/vexv5/libv5rt.a(v5_apijump.c.obj)
                0x0000000003804d54                vexDeviceGpsModeSet
 .text.vexDeviceGpsOriginSet
                0x0000000003804d94       0x50 /Applications/VEXcode Pro V5.app/Contents/Resources/sdk/vexv5/libv5rt.a(v5_apijump.c.obj)
                0x0000000003804d94                vexDeviceGpsOriginSet
 .text.vexDeviceGpsRotationSet
                0x0000000003804de4       0x48 /Applications/VEXcode Pro V5.app/Contents/Resources/sdk/vexv5/libv5rt.a(v5_apijump.c.obj)
                0x0000000003804de4                vexDeviceGpsRotationSet
 .text.vexDeviceGpsRotationGet
                0x0000000003804e2c       0x44 /Applications/VEXcode Pro V5.app/Contents/Resources/sdk/vexv5/libv5rt.a(v5_apijump.c.obj)
                0x0000000003804e2c                vexDeviceGpsRotationGet
 .text.vexDisplayForegroundColor
                0x0000000003804e70       0x24 /Applications/VEXcode Pro V5.app/Contents/Resources/sdk/vexv5/libv5rt.a(v5_apijump.c.obj)
                0x0000000003804e70                vexDisplayForegroundColor
 .text.vexDisplayBackgroundColor
                0x0000000003804e94       0x24 /Applications/VEXcode Pro V5.app/Contents/Resources/sdk/vexv5/libv5rt.a(v5_apijump.c.obj)
                0x0000000003804e94                vexDisplayBackgroundColor
 .text.vexDisplayBackgroundColorGet
                0x0000000003804eb8       0x1c /Applications/VEXcode Pro V5.app/Contents/Resources/sdk/vexv5/libv5rt.a(v5_apijump.c.obj)
                0x0000000003804eb8                vexDisplayBackgroundColorGet
 .text.vexDisplayRectClear
                0x0000000003804ed4       0x4c /Applications/VEXcode Pro V5.app/Contents/Resources/sdk/vexv5/libv5rt.a(v5_apijump.c.obj)
                0x0000000003804ed4                vexDisplayRectClear
 .text.vexDisplayVPrintf
                0x0000000003804f20       0x50 /Applications/VEXcode Pro V5.app/Contents/Resources/sdk/vexv5/libv5rt.a(v5_apijump.c.obj)
                0x0000000003804f20                vexDisplayVPrintf
 .text.vexDisplayTextReference
                0x0000000003804f70       0x24 /Applications/VEXcode Pro V5.app/Contents/Resources/sdk/vexv5/libv5rt.a(v5_apijump.c.obj)
                0x0000000003804f70                vexDisplayTextReference
 .text.vexDisplayTextSize
                0x0000000003804f94       0x2c /Applications/VEXcode Pro V5.app/Contents/Resources/sdk/vexv5/libv5rt.a(v5_apijump.c.obj)
                0x0000000003804f94                vexDisplayTextSize
 .text.vexDisplayFontNamedSet
                0x0000000003804fc0       0x24 /Applications/VEXcode Pro V5.app/Contents/Resources/sdk/vexv5/libv5rt.a(v5_apijump.c.obj)
                0x0000000003804fc0                vexDisplayFontNamedSet
 .text.vexDisplayStringWidthGet
                0x0000000003804fe4       0x24 /Applications/VEXcode Pro V5.app/Contents/Resources/sdk/vexv5/libv5rt.a(v5_apijump.c.obj)
                0x0000000003804fe4                vexDisplayStringWidthGet
 .text.vexSystemStdlibImpureDataAddr
                0x0000000003805008       0x28 /Applications/VEXcode Pro V5.app/Contents/Resources/sdk/vexv5/libv5rt.a(v5_apijump.c.obj)
                0x0000000003805008                vexSystemStdlibImpureDataAddr
 .text.vexSystemStdlibImpureDataSize
                0x0000000003805030       0x28 /Applications/VEXcode Pro V5.app/Contents/Resources/sdk/vexv5/libv5rt.a(v5_apijump.c.obj)
                0x0000000003805030                vexSystemStdlibImpureDataSize
 .text.vexSystemSaveUserData
                0x0000000003805058       0x3c /Applications/VEXcode Pro V5.app/Contents/Resources/sdk/vexv5/libv5rt.a(v5_apijump.c.obj)
                0x0000000003805058                vexSystemSaveUserData
 .text.vexDisplayThemeIdGet
                0x0000000003805094       0x38 /Applications/VEXcode Pro V5.app/Contents/Resources/sdk/vexv5/libv5rt.a(v5_apijump.c.obj)
                0x0000000003805094                vexDisplayThemeIdGet
 .text.vexCompetitionStatus
                0x00000000038050cc       0x1c /Applications/VEXcode Pro V5.app/Contents/Resources/sdk/vexv5/libv5rt.a(v5_apijump.c.obj)
                0x00000000038050cc                vexCompetitionStatus
 .text.vexDeviceEventMaskSet
                0x00000000038050e8       0x48 /Applications/VEXcode Pro V5.app/Contents/Resources/sdk/vexv5/libv5rt.a(v5_apijump.c.obj)
                0x00000000038050e8                vexDeviceEventMaskSet
 .text.vexDeviceEventMaskGet
                0x0000000003805130       0x3c /Applications/VEXcode Pro V5.app/Contents/Resources/sdk/vexv5/libv5rt.a(v5_apijump.c.obj)
                0x0000000003805130                vexDeviceEventMaskGet
 .text.vexDeviceGenericSerialEnable
                0x000000000380516c       0x2c /Applications/VEXcode Pro V5.app/Contents/Resources/sdk/vexv5/libv5rt.a(v5_apijump.c.obj)
                0x000000000380516c                vexDeviceGenericSerialEnable
 .text.vexDeviceGenericSerialBaudrate
                0x0000000003805198       0x2c /Applications/VEXcode Pro V5.app/Contents/Resources/sdk/vexv5/libv5rt.a(v5_apijump.c.obj)
                0x0000000003805198                vexDeviceGenericSerialBaudrate
 .text.vexDeviceGenericSerialWriteChar
                0x00000000038051c4       0x2c /Applications/VEXcode Pro V5.app/Contents/Resources/sdk/vexv5/libv5rt.a(v5_apijump.c.obj)
                0x00000000038051c4                vexDeviceGenericSerialWriteChar
 .text.vexDeviceGenericSerialWriteFree
                0x00000000038051f0       0x24 /Applications/VEXcode Pro V5.app/Contents/Resources/sdk/vexv5/libv5rt.a(v5_apijump.c.obj)
                0x00000000038051f0                vexDeviceGenericSerialWriteFree
 .text.vexDeviceGenericSerialTransmit
                0x0000000003805214       0x34 /Applications/VEXcode Pro V5.app/Contents/Resources/sdk/vexv5/libv5rt.a(v5_apijump.c.obj)
                0x0000000003805214                vexDeviceGenericSerialTransmit
 .text.vexDeviceGenericSerialReadChar
                0x0000000003805248       0x24 /Applications/VEXcode Pro V5.app/Contents/Resources/sdk/vexv5/libv5rt.a(v5_apijump.c.obj)
                0x0000000003805248                vexDeviceGenericSerialReadChar
 .text.vexDeviceGenericSerialPeekChar
                0x000000000380526c       0x24 /Applications/VEXcode Pro V5.app/Contents/Resources/sdk/vexv5/libv5rt.a(v5_apijump.c.obj)
                0x000000000380526c                vexDeviceGenericSerialPeekChar
 .text.vexDeviceGenericSerialReceiveAvail
                0x0000000003805290       0x24 /Applications/VEXcode Pro V5.app/Contents/Resources/sdk/vexv5/libv5rt.a(v5_apijump.c.obj)
                0x0000000003805290                vexDeviceGenericSerialReceiveAvail
 .text.vexDeviceGenericSerialReceive
                0x00000000038052b4       0x34 /Applications/VEXcode Pro V5.app/Contents/Resources/sdk/vexv5/libv5rt.a(v5_apijump.c.obj)
                0x00000000038052b4                vexDeviceGenericSerialReceive
 .text.vexDeviceGenericRadioConnection
                0x00000000038052e8       0x3c /Applications/VEXcode Pro V5.app/Contents/Resources/sdk/vexv5/libv5rt.a(v5_apijump.c.obj)
                0x00000000038052e8                vexDeviceGenericRadioConnection
 .text.vexDeviceGenericRadioWriteChar
                0x0000000003805324       0x2c /Applications/VEXcode Pro V5.app/Contents/Resources/sdk/vexv5/libv5rt.a(v5_apijump.c.obj)
                0x0000000003805324                vexDeviceGenericRadioWriteChar
 .text.vexDeviceGenericRadioWriteFree
                0x0000000003805350       0x24 /Applications/VEXcode Pro V5.app/Contents/Resources/sdk/vexv5/libv5rt.a(v5_apijump.c.obj)
                0x0000000003805350                vexDeviceGenericRadioWriteFree
 .text.vexDeviceGenericRadioTransmit
                0x0000000003805374       0x34 /Applications/VEXcode Pro V5.app/Contents/Resources/sdk/vexv5/libv5rt.a(v5_apijump.c.obj)
                0x0000000003805374                vexDeviceGenericRadioTransmit
 .text.vexDeviceGenericRadioReadChar
                0x00000000038053a8       0x24 /Applications/VEXcode Pro V5.app/Contents/Resources/sdk/vexv5/libv5rt.a(v5_apijump.c.obj)
                0x00000000038053a8                vexDeviceGenericRadioReadChar
 .text.vexDeviceGenericRadioPeekChar
                0x00000000038053cc       0x24 /Applications/VEXcode Pro V5.app/Contents/Resources/sdk/vexv5/libv5rt.a(v5_apijump.c.obj)
                0x00000000038053cc                vexDeviceGenericRadioPeekChar
 .text.vexDeviceGenericRadioReceiveAvail
                0x00000000038053f0       0x24 /Applications/VEXcode Pro V5.app/Contents/Resources/sdk/vexv5/libv5rt.a(v5_apijump.c.obj)
                0x00000000038053f0                vexDeviceGenericRadioReceiveAvail
 .text.vexDeviceGenericRadioReceive
                0x0000000003805414       0x34 /Applications/VEXcode Pro V5.app/Contents/Resources/sdk/vexv5/libv5rt.a(v5_apijump.c.obj)
                0x0000000003805414                vexDeviceGenericRadioReceive
 .text.vexDeviceGenericCdcConnection
                0x0000000003805448       0x2c /Applications/VEXcode Pro V5.app/Contents/Resources/sdk/vexv5/libv5rt.a(v5_apijump.c.obj)
                0x0000000003805448                vexDeviceGenericCdcConnection
 .text.vexDeviceGenericCdcWriteChar
                0x0000000003805474       0x2c /Applications/VEXcode Pro V5.app/Contents/Resources/sdk/vexv5/libv5rt.a(v5_apijump.c.obj)
                0x0000000003805474                vexDeviceGenericCdcWriteChar
 .text.vexDeviceGenericCdcWriteFree
                0x00000000038054a0       0x24 /Applications/VEXcode Pro V5.app/Contents/Resources/sdk/vexv5/libv5rt.a(v5_apijump.c.obj)
                0x00000000038054a0                vexDeviceGenericCdcWriteFree
 .text.vexDeviceGenericCdcTransmit
                0x00000000038054c4       0x34 /Applications/VEXcode Pro V5.app/Contents/Resources/sdk/vexv5/libv5rt.a(v5_apijump.c.obj)
                0x00000000038054c4                vexDeviceGenericCdcTransmit
 .text.vexDeviceGenericCdcReadChar
                0x00000000038054f8       0x24 /Applications/VEXcode Pro V5.app/Contents/Resources/sdk/vexv5/libv5rt.a(v5_apijump.c.obj)
                0x00000000038054f8                vexDeviceGenericCdcReadChar
 .text.vexDeviceGenericCdcPeekChar
                0x000000000380551c       0x24 /Applications/VEXcode Pro V5.app/Contents/Resources/sdk/vexv5/libv5rt.a(v5_apijump.c.obj)
                0x000000000380551c                vexDeviceGenericCdcPeekChar
 .text.vexDeviceGenericCdcReceiveAvail
                0x0000000003805540       0x24 /Applications/VEXcode Pro V5.app/Contents/Resources/sdk/vexv5/libv5rt.a(v5_apijump.c.obj)
                0x0000000003805540                vexDeviceGenericCdcReceiveAvail
 .text.vexDeviceGenericCdcReceive
                0x0000000003805564       0x34 /Applications/VEXcode Pro V5.app/Contents/Resources/sdk/vexv5/libv5rt.a(v5_apijump.c.obj)
                0x0000000003805564                vexDeviceGenericCdcReceive
 .text.vexSystemVersion
                0x0000000003805598       0x10 /Applications/VEXcode Pro V5.app/Contents/Resources/sdk/vexv5/libv5rt.a(v5_apiversions.c.obj)
                0x0000000003805598                vexSystemVersion
 .text.vexStdlibVersion
                0x00000000038055a8       0x10 /Applications/VEXcode Pro V5.app/Contents/Resources/sdk/vexv5/libv5rt.a(v5_apiversions.c.obj)
                0x00000000038055a8                vexStdlibVersion
 .text._ZN3vex4waitEdNS_9timeUnitsE
                0x00000000038055b8       0x30 /Applications/VEXcode Pro V5.app/Contents/Resources/sdk/vexv5/libv5rt.a(vex_global.cpp.obj)
                0x00000000038055b8                vex::wait(double, vex::timeUnits)
 .text._ZN3vex5motorD2Ev
                0x00000000038055e8       0x20 /Applications/VEXcode Pro V5.app/Contents/Resources/sdk/vexv5/libv5rt.a(vex_motor.cpp.obj)
                0x00000000038055e8                vex::motor::~motor()
                0x00000000038055e8                vex::motor::~motor()
 .text._ZN3vex5motorD0Ev
                0x0000000003805608       0x1c /Applications/VEXcode Pro V5.app/Contents/Resources/sdk/vexv5/libv5rt.a(vex_motor.cpp.obj)
                0x0000000003805608                vex::motor::~motor()
 .text._ZN3vex5motor9installedEv
                0x0000000003805624       0x18 /Applications/VEXcode Pro V5.app/Contents/Resources/sdk/vexv5/libv5rt.a(vex_motor.cpp.obj)
                0x0000000003805624                vex::motor::installed()
 .text._ZN3vex5motor15defaultStoppingENS_9brakeTypeE
                0x000000000380563c       0x30 /Applications/VEXcode Pro V5.app/Contents/Resources/sdk/vexv5/libv5rt.a(vex_motor.cpp.obj)
                0x000000000380563c                vex::motor::defaultStopping(vex::brakeType)
 .text._ZN3vex5motor8setBrakeENS_9brakeTypeE
                0x000000000380566c        0x4 /Applications/VEXcode Pro V5.app/Contents/Resources/sdk/vexv5/libv5rt.a(vex_motor.cpp.obj)
                0x000000000380566c                vex::motor::setBrake(vex::brakeType)
 .text._ZN3vex5motorC2El
                0x0000000003805670       0x78 /Applications/VEXcode Pro V5.app/Contents/Resources/sdk/vexv5/libv5rt.a(vex_motor.cpp.obj)
                0x0000000003805670                vex::motor::motor(long)
                0x0000000003805670                vex::motor::motor(long)
 .text._ZN3vex5motorC2ElNS_11gearSettingEb
                0x00000000038056e8       0x34 /Applications/VEXcode Pro V5.app/Contents/Resources/sdk/vexv5/libv5rt.a(vex_motor.cpp.obj)
                0x00000000038056e8                vex::motor::motor(long, vex::gearSetting, bool)
                0x00000000038056e8                vex::motor::motor(long, vex::gearSetting, bool)
 *fill*         0x000000000380571c        0x4 
 .text._ZN3vex5motor4spinENS_13directionTypeEdNS_12voltageUnitsE
                0x0000000003805720       0x50 /Applications/VEXcode Pro V5.app/Contents/Resources/sdk/vexv5/libv5rt.a(vex_motor.cpp.obj)
                0x0000000003805720                vex::motor::spin(vex::directionType, double, vex::voltageUnits)
 .text._ZN3vex5motor10isSpinningEv
                0x0000000003805770       0x38 /Applications/VEXcode Pro V5.app/Contents/Resources/sdk/vexv5/libv5rt.a(vex_motor.cpp.obj)
                0x0000000003805770                vex::motor::isSpinning()
 .text._ZN3vex5motor4stopENS_9brakeTypeE
                0x00000000038057a8       0x30 /Applications/VEXcode Pro V5.app/Contents/Resources/sdk/vexv5/libv5rt.a(vex_motor.cpp.obj)
                0x00000000038057a8                vex::motor::stop(vex::brakeType)
 .text._ZN3vex5motor4stopEv
                0x00000000038057d8        0x8 /Applications/VEXcode Pro V5.app/Contents/Resources/sdk/vexv5/libv5rt.a(vex_motor.cpp.obj)
                0x00000000038057d8                vex::motor::stop()
 .text._ZN3vex5motor16velocityToScaledEdNS_13velocityUnitsE
                0x00000000038057e0       0x5c /Applications/VEXcode Pro V5.app/Contents/Resources/sdk/vexv5/libv5rt.a(vex_motor.cpp.obj)
                0x00000000038057e0                vex::motor::velocityToScaled(double, vex::velocityUnits)
 .text._ZN3vex5motor8velocityENS_13velocityUnitsE
                0x000000000380583c       0x30 /Applications/VEXcode Pro V5.app/Contents/Resources/sdk/vexv5/libv5rt.a(vex_motor.cpp.obj)
                0x000000000380583c                vex::motor::velocity(vex::velocityUnits)
 .text._ZN3vex5motor5valueEv
                0x000000000380586c       0x1c /Applications/VEXcode Pro V5.app/Contents/Resources/sdk/vexv5/libv5rt.a(vex_motor.cpp.obj)
                0x000000000380586c                vex::motor::value()
 .text._ZN3vex5motor16scaledToVelocityEdNS_13velocityUnitsE
                0x0000000003805888       0xa4 /Applications/VEXcode Pro V5.app/Contents/Resources/sdk/vexv5/libv5rt.a(vex_motor.cpp.obj)
                0x0000000003805888                vex::motor::scaledToVelocity(double, vex::velocityUnits)
 .text._ZN3vex5motor4spinENS_13directionTypeEdNS_13velocityUnitsE
                0x000000000380592c       0x5c /Applications/VEXcode Pro V5.app/Contents/Resources/sdk/vexv5/libv5rt.a(vex_motor.cpp.obj)
                0x000000000380592c                vex::motor::spin(vex::directionType, double, vex::velocityUnits)
 .text._ZN3vex5motor16setRotationUnitsENS_13rotationUnitsE
                0x0000000003805988       0x1c /Applications/VEXcode Pro V5.app/Contents/Resources/sdk/vexv5/libv5rt.a(vex_motor.cpp.obj)
                0x0000000003805988                vex::motor::setRotationUnits(vex::rotationUnits)
 .text._ZN3vex5motor11setRotationEdNS_13rotationUnitsE
                0x00000000038059a4       0x44 /Applications/VEXcode Pro V5.app/Contents/Resources/sdk/vexv5/libv5rt.a(vex_motor.cpp.obj)
                0x00000000038059a4                vex::motor::setRotation(double, vex::rotationUnits)
 .text._ZN3vex5motor13resetRotationEv
                0x00000000038059e8       0x20 /Applications/VEXcode Pro V5.app/Contents/Resources/sdk/vexv5/libv5rt.a(vex_motor.cpp.obj)
                0x00000000038059e8                vex::motor::resetRotation()
 .text._ZN3vex5motor8rotateToEdNS_13rotationUnitsEdNS_13velocityUnitsEb
                0x0000000003805a08       0xc4 /Applications/VEXcode Pro V5.app/Contents/Resources/sdk/vexv5/libv5rt.a(vex_motor.cpp.obj)
                0x0000000003805a08                vex::motor::rotateTo(double, vex::rotationUnits, double, vex::velocityUnits, bool)
 .text._ZN3vex5motor13startRotateToEdNS_13rotationUnitsEdNS_13velocityUnitsE
                0x0000000003805acc       0x34 /Applications/VEXcode Pro V5.app/Contents/Resources/sdk/vexv5/libv5rt.a(vex_motor.cpp.obj)
                0x0000000003805acc                vex::motor::startRotateTo(double, vex::rotationUnits, double, vex::velocityUnits)
 .text._ZN3vex5motor9rotateForEdNS_13rotationUnitsEdNS_13velocityUnitsEb
                0x0000000003805b00       0xe0 /Applications/VEXcode Pro V5.app/Contents/Resources/sdk/vexv5/libv5rt.a(vex_motor.cpp.obj)
                0x0000000003805b00                vex::motor::rotateFor(double, vex::rotationUnits, double, vex::velocityUnits, bool)
 .text._ZN3vex5motor9rotateForENS_13directionTypeEdNS_13rotationUnitsEdNS_13velocityUnitsEb
                0x0000000003805be0       0x34 /Applications/VEXcode Pro V5.app/Contents/Resources/sdk/vexv5/libv5rt.a(vex_motor.cpp.obj)
                0x0000000003805be0                vex::motor::rotateFor(vex::directionType, double, vex::rotationUnits, double, vex::velocityUnits, bool)
 .text._ZN3vex5motor14startRotateForENS_13directionTypeEdNS_13rotationUnitsEdNS_13velocityUnitsE
                0x0000000003805c14       0x34 /Applications/VEXcode Pro V5.app/Contents/Resources/sdk/vexv5/libv5rt.a(vex_motor.cpp.obj)
                0x0000000003805c14                vex::motor::startRotateFor(vex::directionType, double, vex::rotationUnits, double, vex::velocityUnits)
 .text._ZN3vex5motor14startRotateForEdNS_13rotationUnitsEdNS_13velocityUnitsE
                0x0000000003805c48       0x34 /Applications/VEXcode Pro V5.app/Contents/Resources/sdk/vexv5/libv5rt.a(vex_motor.cpp.obj)
                0x0000000003805c48                vex::motor::startRotateFor(double, vex::rotationUnits, double, vex::velocityUnits)
 .text._ZN3vex5motor8rotationENS_13rotationUnitsE
                0x0000000003805c7c       0x44 /Applications/VEXcode Pro V5.app/Contents/Resources/sdk/vexv5/libv5rt.a(vex_motor.cpp.obj)
                0x0000000003805c7c                vex::motor::rotation(vex::rotationUnits)
 .text._ZN3vex5motor8positionENS_13rotationUnitsE
                0x0000000003805cc0        0x4 /Applications/VEXcode Pro V5.app/Contents/Resources/sdk/vexv5/libv5rt.a(vex_motor.cpp.obj)
                0x0000000003805cc0                vex::motor::position(vex::rotationUnits)
 *fill*         0x0000000003805cc4        0x4 
 .text._ZN3vex8inertial10setHeadingEdNS_13rotationUnitsE
                0x0000000003805cc8       0x58 /Applications/VEXcode Pro V5.app/Contents/Resources/sdk/vexv5/libv5rt.a(vex_imu.cpp.obj)
                0x0000000003805cc8                vex::inertial::setHeading(double, vex::rotationUnits)
 .text._ZThn16_N3vex8inertial10setHeadingEdNS_13rotationUnitsE
                0x0000000003805d20        0x8 /Applications/VEXcode Pro V5.app/Contents/Resources/sdk/vexv5/libv5rt.a(vex_imu.cpp.obj)
                0x0000000003805d20                non-virtual thunk to vex::inertial::setHeading(double, vex::rotationUnits)
 .text._ZN3vex8inertial11setRotationEdNS_13rotationUnitsE
                0x0000000003805d28       0x58 /Applications/VEXcode Pro V5.app/Contents/Resources/sdk/vexv5/libv5rt.a(vex_imu.cpp.obj)
                0x0000000003805d28                vex::inertial::setRotation(double, vex::rotationUnits)
 .text._ZThn16_N3vex8inertial11setRotationEdNS_13rotationUnitsE
                0x0000000003805d80        0x8 /Applications/VEXcode Pro V5.app/Contents/Resources/sdk/vexv5/libv5rt.a(vex_imu.cpp.obj)
                0x0000000003805d80                non-virtual thunk to vex::inertial::setRotation(double, vex::rotationUnits)
 .text._ZN3vex8inertialD2Ev
                0x0000000003805d88       0x20 /Applications/VEXcode Pro V5.app/Contents/Resources/sdk/vexv5/libv5rt.a(vex_imu.cpp.obj)
                0x0000000003805d88                vex::inertial::~inertial()
                0x0000000003805d88                vex::inertial::~inertial()
 .text._ZThn16_N3vex8inertialD1Ev
                0x0000000003805da8        0x8 /Applications/VEXcode Pro V5.app/Contents/Resources/sdk/vexv5/libv5rt.a(vex_imu.cpp.obj)
                0x0000000003805da8                non-virtual thunk to vex::inertial::~inertial()
 .text._ZN3vex8inertialD0Ev
                0x0000000003805db0       0x1c /Applications/VEXcode Pro V5.app/Contents/Resources/sdk/vexv5/libv5rt.a(vex_imu.cpp.obj)
                0x0000000003805db0                vex::inertial::~inertial()
 .text._ZThn16_N3vex8inertialD0Ev
                0x0000000003805dcc        0x8 /Applications/VEXcode Pro V5.app/Contents/Resources/sdk/vexv5/libv5rt.a(vex_imu.cpp.obj)
                0x0000000003805dcc                non-virtual thunk to vex::inertial::~inertial()
 .text._ZN3vex8inertial9installedEv
                0x0000000003805dd4       0x18 /Applications/VEXcode Pro V5.app/Contents/Resources/sdk/vexv5/libv5rt.a(vex_imu.cpp.obj)
                0x0000000003805dd4                vex::inertial::installed()
 .text._ZN3vex8inertial5angleENS_13rotationUnitsE
                0x0000000003805dec       0x60 /Applications/VEXcode Pro V5.app/Contents/Resources/sdk/vexv5/libv5rt.a(vex_imu.cpp.obj)
                0x0000000003805dec                vex::inertial::angle(vex::rotationUnits)
 .text._ZThn16_N3vex8inertial5angleENS_13rotationUnitsE
                0x0000000003805e4c        0x8 /Applications/VEXcode Pro V5.app/Contents/Resources/sdk/vexv5/libv5rt.a(vex_imu.cpp.obj)
                0x0000000003805e4c                non-virtual thunk to vex::inertial::angle(vex::rotationUnits)
 .text._ZN3vex8inertial7headingENS_13rotationUnitsE
                0x0000000003805e54        0x4 /Applications/VEXcode Pro V5.app/Contents/Resources/sdk/vexv5/libv5rt.a(vex_imu.cpp.obj)
                0x0000000003805e54                vex::inertial::heading(vex::rotationUnits)
 .text._ZThn16_N3vex8inertial7headingENS_13rotationUnitsE
                0x0000000003805e58        0x8 /Applications/VEXcode Pro V5.app/Contents/Resources/sdk/vexv5/libv5rt.a(vex_imu.cpp.obj)
                0x0000000003805e58                non-virtual thunk to vex::inertial::heading(vex::rotationUnits)
 .text._ZN3vex8inertial5valueEv
                0x0000000003805e60       0x1c /Applications/VEXcode Pro V5.app/Contents/Resources/sdk/vexv5/libv5rt.a(vex_imu.cpp.obj)
                0x0000000003805e60                vex::inertial::value()
 *fill*         0x0000000003805e7c        0x4 
 .text._ZN3vex8inertial8rotationENS_13rotationUnitsE
                0x0000000003805e80       0x40 /Applications/VEXcode Pro V5.app/Contents/Resources/sdk/vexv5/libv5rt.a(vex_imu.cpp.obj)
                0x0000000003805e80                vex::inertial::rotation(vex::rotationUnits)
 .text._ZThn16_N3vex8inertial8rotationENS_13rotationUnitsE
                0x0000000003805ec0        0x8 /Applications/VEXcode Pro V5.app/Contents/Resources/sdk/vexv5/libv5rt.a(vex_imu.cpp.obj)
                0x0000000003805ec0                non-virtual thunk to vex::inertial::rotation(vex::rotationUnits)
 .text._ZN3vex8inertial13isCalibratingEv
                0x0000000003805ec8       0x38 /Applications/VEXcode Pro V5.app/Contents/Resources/sdk/vexv5/libv5rt.a(vex_imu.cpp.obj)
                0x0000000003805ec8                vex::inertial::isCalibrating()
 .text._ZThn16_N3vex8inertial13isCalibratingEv
                0x0000000003805f00        0x8 /Applications/VEXcode Pro V5.app/Contents/Resources/sdk/vexv5/libv5rt.a(vex_imu.cpp.obj)
                0x0000000003805f00                non-virtual thunk to vex::inertial::isCalibrating()
 .text._ZN3vex8inertialC2El
                0x0000000003805f08       0x48 /Applications/VEXcode Pro V5.app/Contents/Resources/sdk/vexv5/libv5rt.a(vex_imu.cpp.obj)
                0x0000000003805f08                vex::inertial::inertial(long)
                0x0000000003805f08                vex::inertial::inertial(long)
 .text._ZN3vex8inertial4rollENS_13rotationUnitsE
                0x0000000003805f50       0x40 /Applications/VEXcode Pro V5.app/Contents/Resources/sdk/vexv5/libv5rt.a(vex_imu.cpp.obj)
                0x0000000003805f50                vex::inertial::roll(vex::rotationUnits)
 .text._ZN3vex8inertial16startCalibrationEl
                0x0000000003805f90       0x20 /Applications/VEXcode Pro V5.app/Contents/Resources/sdk/vexv5/libv5rt.a(vex_imu.cpp.obj)
                0x0000000003805f90                vex::inertial::startCalibration(long)
 .text._ZN3vex8inertial9calibrateEl
                0x0000000003805fb0        0xc /Applications/VEXcode Pro V5.app/Contents/Resources/sdk/vexv5/libv5rt.a(vex_imu.cpp.obj)
                0x0000000003805fb0                vex::inertial::calibrate(long)
                0x0000000003805fb4                non-virtual thunk to vex::inertial::calibrate(long)
 *fill*         0x0000000003805fbc        0x4 
 .text._ZN3vex3gps10setHeadingEdNS_13rotationUnitsE
                0x0000000003805fc0       0x58 /Applications/VEXcode Pro V5.app/Contents/Resources/sdk/vexv5/libv5rt.a(vex_gps.cpp.obj)
                0x0000000003805fc0                vex::gps::setHeading(double, vex::rotationUnits)
 .text._ZThn16_N3vex3gps10setHeadingEdNS_13rotationUnitsE
                0x0000000003806018        0x8 /Applications/VEXcode Pro V5.app/Contents/Resources/sdk/vexv5/libv5rt.a(vex_gps.cpp.obj)
                0x0000000003806018                non-virtual thunk to vex::gps::setHeading(double, vex::rotationUnits)
 .text._ZN3vex3gps11setRotationEdNS_13rotationUnitsE
                0x0000000003806020       0x58 /Applications/VEXcode Pro V5.app/Contents/Resources/sdk/vexv5/libv5rt.a(vex_gps.cpp.obj)
                0x0000000003806020                vex::gps::setRotation(double, vex::rotationUnits)
 .text._ZThn16_N3vex3gps11setRotationEdNS_13rotationUnitsE
                0x0000000003806078        0x8 /Applications/VEXcode Pro V5.app/Contents/Resources/sdk/vexv5/libv5rt.a(vex_gps.cpp.obj)
                0x0000000003806078                non-virtual thunk to vex::gps::setRotation(double, vex::rotationUnits)
 .text._ZN3vex3gpsD2Ev
                0x0000000003806080       0x20 /Applications/VEXcode Pro V5.app/Contents/Resources/sdk/vexv5/libv5rt.a(vex_gps.cpp.obj)
                0x0000000003806080                vex::gps::~gps()
                0x0000000003806080                vex::gps::~gps()
 .text._ZThn16_N3vex3gpsD1Ev
                0x00000000038060a0        0x8 /Applications/VEXcode Pro V5.app/Contents/Resources/sdk/vexv5/libv5rt.a(vex_gps.cpp.obj)
                0x00000000038060a0                non-virtual thunk to vex::gps::~gps()
 .text._ZN3vex3gpsD0Ev
                0x00000000038060a8       0x1c /Applications/VEXcode Pro V5.app/Contents/Resources/sdk/vexv5/libv5rt.a(vex_gps.cpp.obj)
                0x00000000038060a8                vex::gps::~gps()
 .text._ZThn16_N3vex3gpsD0Ev
                0x00000000038060c4        0x8 /Applications/VEXcode Pro V5.app/Contents/Resources/sdk/vexv5/libv5rt.a(vex_gps.cpp.obj)
                0x00000000038060c4                non-virtual thunk to vex::gps::~gps()
 .text._ZN3vex3gps9installedEv
                0x00000000038060cc       0x18 /Applications/VEXcode Pro V5.app/Contents/Resources/sdk/vexv5/libv5rt.a(vex_gps.cpp.obj)
                0x00000000038060cc                vex::gps::installed()
 .text._ZN3vex3gps5angleENS_13rotationUnitsE
                0x00000000038060e4       0x78 /Applications/VEXcode Pro V5.app/Contents/Resources/sdk/vexv5/libv5rt.a(vex_gps.cpp.obj)
                0x00000000038060e4                vex::gps::angle(vex::rotationUnits)
 .text._ZThn16_N3vex3gps5angleENS_13rotationUnitsE
                0x000000000380615c        0x8 /Applications/VEXcode Pro V5.app/Contents/Resources/sdk/vexv5/libv5rt.a(vex_gps.cpp.obj)
                0x000000000380615c                non-virtual thunk to vex::gps::angle(vex::rotationUnits)
 .text._ZN3vex3gps7headingENS_13rotationUnitsE
                0x0000000003806164        0x4 /Applications/VEXcode Pro V5.app/Contents/Resources/sdk/vexv5/libv5rt.a(vex_gps.cpp.obj)
                0x0000000003806164                vex::gps::heading(vex::rotationUnits)
 .text._ZThn16_N3vex3gps7headingENS_13rotationUnitsE
                0x0000000003806168        0x8 /Applications/VEXcode Pro V5.app/Contents/Resources/sdk/vexv5/libv5rt.a(vex_gps.cpp.obj)
                0x0000000003806168                non-virtual thunk to vex::gps::heading(vex::rotationUnits)
 .text._ZN3vex3gps5valueEv
                0x0000000003806170       0x1c /Applications/VEXcode Pro V5.app/Contents/Resources/sdk/vexv5/libv5rt.a(vex_gps.cpp.obj)
                0x0000000003806170                vex::gps::value()
 *fill*         0x000000000380618c        0x4 
 .text._ZN3vex3gps8rotationENS_13rotationUnitsE
                0x0000000003806190       0x58 /Applications/VEXcode Pro V5.app/Contents/Resources/sdk/vexv5/libv5rt.a(vex_gps.cpp.obj)
                0x0000000003806190                vex::gps::rotation(vex::rotationUnits)
 .text._ZThn16_N3vex3gps8rotationENS_13rotationUnitsE
                0x00000000038061e8        0x8 /Applications/VEXcode Pro V5.app/Contents/Resources/sdk/vexv5/libv5rt.a(vex_gps.cpp.obj)
                0x00000000038061e8                non-virtual thunk to vex::gps::rotation(vex::rotationUnits)
 .text._ZN3vex3gps13isCalibratingEv
                0x00000000038061f0       0x38 /Applications/VEXcode Pro V5.app/Contents/Resources/sdk/vexv5/libv5rt.a(vex_gps.cpp.obj)
                0x00000000038061f0                vex::gps::isCalibrating()
 .text._ZThn16_N3vex3gps13isCalibratingEv
                0x0000000003806228        0x8 /Applications/VEXcode Pro V5.app/Contents/Resources/sdk/vexv5/libv5rt.a(vex_gps.cpp.obj)
                0x0000000003806228                non-virtual thunk to vex::gps::isCalibrating()
 .text._ZN3vex3gps17setSensorRotationEd
                0x0000000003806230        0x8 /Applications/VEXcode Pro V5.app/Contents/Resources/sdk/vexv5/libv5rt.a(vex_gps.cpp.obj)
                0x0000000003806230                vex::gps::setSensorRotation(double)
 .text._ZN3vex3gpsC2Eld
                0x0000000003806238       0x70 /Applications/VEXcode Pro V5.app/Contents/Resources/sdk/vexv5/libv5rt.a(vex_gps.cpp.obj)
                0x0000000003806238                vex::gps::gps(long, double)
                0x0000000003806238                vex::gps::gps(long, double)
 .text._ZN3vex3gps9setOriginEddNS_13distanceUnitsE
                0x00000000038062a8       0x68 /Applications/VEXcode Pro V5.app/Contents/Resources/sdk/vexv5/libv5rt.a(vex_gps.cpp.obj)
                0x00000000038062a8                vex::gps::setOrigin(double, double, vex::distanceUnits)
 .text._ZN3vex3gpsC2ElddNS_13distanceUnitsEd
                0x0000000003806310       0x44 /Applications/VEXcode Pro V5.app/Contents/Resources/sdk/vexv5/libv5rt.a(vex_gps.cpp.obj)
                0x0000000003806310                vex::gps::gps(long, double, double, vex::distanceUnits, double)
                0x0000000003806310                vex::gps::gps(long, double, double, vex::distanceUnits, double)
 .text._ZN3vex3gps16startCalibrationEl
                0x0000000003806354       0x48 /Applications/VEXcode Pro V5.app/Contents/Resources/sdk/vexv5/libv5rt.a(vex_gps.cpp.obj)
                0x0000000003806354                vex::gps::startCalibration(long)
 .text._ZN3vex3gps9calibrateEl
                0x000000000380639c        0xc /Applications/VEXcode Pro V5.app/Contents/Resources/sdk/vexv5/libv5rt.a(vex_gps.cpp.obj)
                0x000000000380639c                vex::gps::calibrate(long)
                0x00000000038063a0                non-virtual thunk to vex::gps::calibrate(long)
 .text._ZN3vex10controllerD2Ev
                0x00000000038063a8        0x4 /Applications/VEXcode Pro V5.app/Contents/Resources/sdk/vexv5/libv5rt.a(vex_controller.cpp.obj)
                0x00000000038063a8                vex::controller::~controller()
                0x00000000038063a8                vex::controller::~controller()
 .text._ZN3vex10controller5valueE19_V5_ControllerIndex
                0x00000000038063ac        0x8 /Applications/VEXcode Pro V5.app/Contents/Resources/sdk/vexv5/libv5rt.a(vex_controller.cpp.obj)
                0x00000000038063ac                vex::controller::value(_V5_ControllerIndex)
 .text._ZN3vex10controller6button8pressingEv
                0x00000000038063b4       0xc8 /Applications/VEXcode Pro V5.app/Contents/Resources/sdk/vexv5/libv5rt.a(vex_controller.cpp.obj)
                0x00000000038063b4                vex::controller::button::pressing()
 .text._ZN3vex10controller6button7pressedEPFvvE
                0x000000000380647c      0x108 /Applications/VEXcode Pro V5.app/Contents/Resources/sdk/vexv5/libv5rt.a(vex_controller.cpp.obj)
                0x000000000380647c                vex::controller::button::pressed(void (*)())
 .text._ZN3vex10controller6button21_buttonToPressedEventEv
                0x0000000003806584       0x20 /Applications/VEXcode Pro V5.app/Contents/Resources/sdk/vexv5/libv5rt.a(vex_controller.cpp.obj)
                0x0000000003806584                vex::controller::button::_buttonToPressedEvent()
 .text._ZN3vex10controller6button22_buttonToReleasedEventEv
                0x00000000038065a4       0x20 /Applications/VEXcode Pro V5.app/Contents/Resources/sdk/vexv5/libv5rt.a(vex_controller.cpp.obj)
                0x00000000038065a4                vex::controller::button::_buttonToReleasedEvent()
 .text._ZN3vex10controller6buttonC2ENS0_11tButtonTypeEPS0_
                0x00000000038065c4       0x48 /Applications/VEXcode Pro V5.app/Contents/Resources/sdk/vexv5/libv5rt.a(vex_controller.cpp.obj)
                0x00000000038065c4                vex::controller::button::button(vex::controller::tButtonType, vex::controller*)
                0x00000000038065c4                vex::controller::button::button(vex::controller::tButtonType, vex::controller*)
 .text._ZN3vex10controller4axis5valueEv
                0x000000000380660c       0x58 /Applications/VEXcode Pro V5.app/Contents/Resources/sdk/vexv5/libv5rt.a(vex_controller.cpp.obj)
                0x000000000380660c                vex::controller::axis::value()
 .text._ZN3vex10controller4axis23_joystickToChangedEventEv
                0x0000000003806664       0x20 /Applications/VEXcode Pro V5.app/Contents/Resources/sdk/vexv5/libv5rt.a(vex_controller.cpp.obj)
                0x0000000003806664                vex::controller::axis::_joystickToChangedEvent()
 .text._ZN3vex10controller4axisC2ENS0_9tAxisTypeEPS0_
                0x0000000003806684       0x2c /Applications/VEXcode Pro V5.app/Contents/Resources/sdk/vexv5/libv5rt.a(vex_controller.cpp.obj)
                0x0000000003806684                vex::controller::axis::axis(vex::controller::tAxisType, vex::controller*)
                0x0000000003806684                vex::controller::axis::axis(vex::controller::tAxisType, vex::controller*)
 .text._ZN3vex10controllerC2ENS_14controllerTypeE
                0x00000000038066b0      0x204 /Applications/VEXcode Pro V5.app/Contents/Resources/sdk/vexv5/libv5rt.a(vex_controller.cpp.obj)
                0x00000000038066b0                vex::controller::controller(vex::controllerType)
                0x00000000038066b0                vex::controller::controller(vex::controllerType)
 .text._ZN3vex4taskC2Ev
                0x00000000038068b4       0x28 /Applications/VEXcode Pro V5.app/Contents/Resources/sdk/vexv5/libv5rt.a(vex_task.cpp.obj)
                0x00000000038068b4                vex::task::task()
                0x00000000038068b4                vex::task::task()
 .text._ZN3vex4taskC2EPFivE
                0x00000000038068dc       0x5c /Applications/VEXcode Pro V5.app/Contents/Resources/sdk/vexv5/libv5rt.a(vex_task.cpp.obj)
                0x00000000038068dc                vex::task::task(int (*)())
                0x00000000038068dc                vex::task::task(int (*)())
 .text._ZN3vex4taskD2Ev
                0x0000000003806938        0x4 /Applications/VEXcode Pro V5.app/Contents/Resources/sdk/vexv5/libv5rt.a(vex_task.cpp.obj)
                0x0000000003806938                vex::task::~task()
                0x0000000003806938                vex::task::~task()
 .text._ZN3vex4task4stopERKS0_
                0x000000000380693c       0x18 /Applications/VEXcode Pro V5.app/Contents/Resources/sdk/vexv5/libv5rt.a(vex_task.cpp.obj)
                0x000000000380693c                vex::task::stop(vex::task const&)
 .text._ZN3vex4task4stopEv
                0x0000000003806954       0x18 /Applications/VEXcode Pro V5.app/Contents/Resources/sdk/vexv5/libv5rt.a(vex_task.cpp.obj)
                0x0000000003806954                vex::task::stop()
 .text._ZN3vex4task5sleepEm
                0x000000000380696c        0x4 /Applications/VEXcode Pro V5.app/Contents/Resources/sdk/vexv5/libv5rt.a(vex_task.cpp.obj)
                0x000000000380696c                vex::task::sleep(unsigned long)
 .text._ZN3vex4task6_indexEPFivE
                0x0000000003806970       0x14 /Applications/VEXcode Pro V5.app/Contents/Resources/sdk/vexv5/libv5rt.a(vex_task.cpp.obj)
                0x0000000003806970                vex::task::_index(int (*)())
 .text._ZN3vex4task8_stopAllEv
                0x0000000003806984       0x3c /Applications/VEXcode Pro V5.app/Contents/Resources/sdk/vexv5/libv5rt.a(vex_task.cpp.obj)
                0x0000000003806984                vex::task::_stopAll()
 .text._ZN3vex11this_thread9sleep_forEm
                0x00000000038069c0        0x4 /Applications/VEXcode Pro V5.app/Contents/Resources/sdk/vexv5/libv5rt.a(vex_thread.cpp.obj)
                0x00000000038069c0                vex::this_thread::sleep_for(unsigned long)
 .text._ZN3vex5event4initEmmPFvvE
                0x00000000038069c4        0x4 /Applications/VEXcode Pro V5.app/Contents/Resources/sdk/vexv5/libv5rt.a(vex_event.cpp.obj)
                0x00000000038069c4                vex::event::init(unsigned long, unsigned long, void (*)())
 .text._ZN3vex5event4initEmmPFvPvES1_
                0x00000000038069c8        0x4 /Applications/VEXcode Pro V5.app/Contents/Resources/sdk/vexv5/libv5rt.a(vex_event.cpp.obj)
                0x00000000038069c8                vex::event::init(unsigned long, unsigned long, void (*)(void*), void*)
 .text._ZN3vex5event9userindexEv
                0x00000000038069cc        0x4 /Applications/VEXcode Pro V5.app/Contents/Resources/sdk/vexv5/libv5rt.a(vex_event.cpp.obj)
                0x00000000038069cc                vex::event::userindex()
 .text._ZZN3vex6meventC4EmmENUlvE_4_FUNEv
                0x00000000038069d0        0x4 /Applications/VEXcode Pro V5.app/Contents/Resources/sdk/vexv5/libv5rt.a(vex_mevent.cpp.obj)
 .text._ZN3vex6meventC2Emm
                0x00000000038069d4       0x70 /Applications/VEXcode Pro V5.app/Contents/Resources/sdk/vexv5/libv5rt.a(vex_mevent.cpp.obj)
                0x00000000038069d4                vex::mevent::mevent(unsigned long, unsigned long)
                0x00000000038069d4                vex::mevent::mevent(unsigned long, unsigned long)
 .text._ZN3vex5brain9_getIndexEv
                0x0000000003806a44       0x10 /Applications/VEXcode Pro V5.app/Contents/Resources/sdk/vexv5/libv5rt.a(vex_brain.cpp.obj)
                0x0000000003806a44                vex::brain::_getIndex()
 .text._ZN3vex5brain5timerENS_9timeUnitsE
                0x0000000003806a54        0x4 /Applications/VEXcode Pro V5.app/Contents/Resources/sdk/vexv5/libv5rt.a(vex_brain.cpp.obj)
                0x0000000003806a54                vex::brain::timer(vex::timeUnits)
 .text._ZN3vex5brain3lcd9setCursorEll
                0x0000000003806a58       0x44 /Applications/VEXcode Pro V5.app/Contents/Resources/sdk/vexv5/libv5rt.a(vex_brain.cpp.obj)
                0x0000000003806a58                vex::brain::lcd::setCursor(long, long)
 .text._ZN3vex5brain3lcd7setFontENS_8fontTypeE
                0x0000000003806a9c      0x23c /Applications/VEXcode Pro V5.app/Contents/Resources/sdk/vexv5/libv5rt.a(vex_brain.cpp.obj)
                0x0000000003806a9c                vex::brain::lcd::setFont(vex::fontType)
 .text._ZN3vex5brain3lcdC2Ev
                0x0000000003806cd8       0x94 /Applications/VEXcode Pro V5.app/Contents/Resources/sdk/vexv5/libv5rt.a(vex_brain.cpp.obj)
                0x0000000003806cd8                vex::brain::lcd::lcd()
                0x0000000003806cd8                vex::brain::lcd::lcd()
 .text._ZN3vex5brainC2Ev
                0x0000000003806d6c       0x38 /Applications/VEXcode Pro V5.app/Contents/Resources/sdk/vexv5/libv5rt.a(vex_brain.cpp.obj)
                0x0000000003806d6c                vex::brain::brain()
                0x0000000003806d6c                vex::brain::brain()
 .text._ZN3vex5brain3lcd7printAtEllPKcz
                0x0000000003806da4       0x54 /Applications/VEXcode Pro V5.app/Contents/Resources/sdk/vexv5/libv5rt.a(vex_brain.cpp.obj)
                0x0000000003806da4                vex::brain::lcd::printAt(long, long, char const*, ...)
 .text._ZN3vex5brain3lcd12_clearScreenEm
                0x0000000003806df8       0x38 /Applications/VEXcode Pro V5.app/Contents/Resources/sdk/vexv5/libv5rt.a(vex_brain.cpp.obj)
                0x0000000003806df8                vex::brain::lcd::_clearScreen(unsigned long)
 .text._ZN3vex5brain3lcd11clearScreenERKNS_5colorE
                0x0000000003806e30       0x20 /Applications/VEXcode Pro V5.app/Contents/Resources/sdk/vexv5/libv5rt.a(vex_brain.cpp.obj)
                0x0000000003806e30                vex::brain::lcd::clearScreen(vex::color const&)
 .text._ZN3vex5brain3lcd11clearScreenEv
                0x0000000003806e50       0x2c /Applications/VEXcode Pro V5.app/Contents/Resources/sdk/vexv5/libv5rt.a(vex_brain.cpp.obj)
                0x0000000003806e50                vex::brain::lcd::clearScreen()
 .text._ZN3vex5brain3lcd10rowToPixelEl
                0x0000000003806e7c       0x34 /Applications/VEXcode Pro V5.app/Contents/Resources/sdk/vexv5/libv5rt.a(vex_brain.cpp.obj)
                0x0000000003806e7c                vex::brain::lcd::rowToPixel(long)
 .text._ZN3vex5brain3lcd5printEPKcz
                0x0000000003806eb0       0xb8 /Applications/VEXcode Pro V5.app/Contents/Resources/sdk/vexv5/libv5rt.a(vex_brain.cpp.obj)
                0x0000000003806eb0                vex::brain::lcd::print(char const*, ...)
 .text._ZN3vex5brainD2Ev
                0x0000000003806f68       0x20 /Applications/VEXcode Pro V5.app/Contents/Resources/sdk/vexv5/libv5rt.a(vex_brain.cpp.obj)
                0x0000000003806f68                vex::brain::~brain()
                0x0000000003806f68                vex::brain::~brain()
 .text._ZN3vex11competition11_autonomousEv
                0x0000000003806f88       0x90 /Applications/VEXcode Pro V5.app/Contents/Resources/sdk/vexv5/libv5rt.a(vex_competition.cpp.obj)
                0x0000000003806f88                vex::competition::_autonomous()
 .text._ZN3vex11competition14_drivercontrolEv
                0x0000000003807018       0x90 /Applications/VEXcode Pro V5.app/Contents/Resources/sdk/vexv5/libv5rt.a(vex_competition.cpp.obj)
                0x0000000003807018                vex::competition::_drivercontrol()
 .text._ZN3vex11competition8_disableEPv
                0x00000000038070a8       0xc8 /Applications/VEXcode Pro V5.app/Contents/Resources/sdk/vexv5/libv5rt.a(vex_competition.cpp.obj)
                0x00000000038070a8                vex::competition::_disable(void*)
 .text._ZN3vex11competitionC2Ev
                0x0000000003807170      0x13c /Applications/VEXcode Pro V5.app/Contents/Resources/sdk/vexv5/libv5rt.a(vex_competition.cpp.obj)
                0x0000000003807170                vex::competition::competition()
                0x0000000003807170                vex::competition::competition()
 .text._ZN3vex11competitionD2Ev
                0x00000000038072ac        0x4 /Applications/VEXcode Pro V5.app/Contents/Resources/sdk/vexv5/libv5rt.a(vex_competition.cpp.obj)
                0x00000000038072ac                vex::competition::~competition()
                0x00000000038072ac                vex::competition::~competition()
 .text._ZN3vex11competition10autonomousEPFvvE
                0x00000000038072b0       0x44 /Applications/VEXcode Pro V5.app/Contents/Resources/sdk/vexv5/libv5rt.a(vex_competition.cpp.obj)
                0x00000000038072b0                vex::competition::autonomous(void (*)())
 .text._ZN3vex11competition13drivercontrolEPFvvE
                0x00000000038072f4       0x44 /Applications/VEXcode Pro V5.app/Contents/Resources/sdk/vexv5/libv5rt.a(vex_competition.cpp.obj)
                0x00000000038072f4                vex::competition::drivercontrol(void (*)())
 .text._ZN3vex11competition19isCompetitionSwitchEv
                0x0000000003807338       0x1c /Applications/VEXcode Pro V5.app/Contents/Resources/sdk/vexv5/libv5rt.a(vex_competition.cpp.obj)
                0x0000000003807338                vex::competition::isCompetitionSwitch()
 .text._ZN3vex7triportD2Ev
                0x0000000003807354       0x38 /Applications/VEXcode Pro V5.app/Contents/Resources/sdk/vexv5/libv5rt.a(vex_triport.cpp.obj)
                0x0000000003807354                vex::triport::~triport()
                0x0000000003807354                vex::triport::~triport()
 .text._ZN3vex7triportD0Ev
                0x000000000380738c       0x1c /Applications/VEXcode Pro V5.app/Contents/Resources/sdk/vexv5/libv5rt.a(vex_triport.cpp.obj)
                0x000000000380738c                vex::triport::~triport()
 .text._ZN3vex7triport9installedEv
                0x00000000038073a8       0x18 /Applications/VEXcode Pro V5.app/Contents/Resources/sdk/vexv5/libv5rt.a(vex_triport.cpp.obj)
                0x00000000038073a8                vex::triport::installed()
 .text._ZN3vex7triport4portC2ElPS0_
                0x00000000038073c0       0x74 /Applications/VEXcode Pro V5.app/Contents/Resources/sdk/vexv5/libv5rt.a(vex_triport.cpp.obj)
                0x00000000038073c0                vex::triport::port::port(long, vex::triport*)
                0x00000000038073c0                vex::triport::port::port(long, vex::triport*)
 .text._ZN3vex7triportC2El
                0x0000000003807434       0xf0 /Applications/VEXcode Pro V5.app/Contents/Resources/sdk/vexv5/libv5rt.a(vex_triport.cpp.obj)
                0x0000000003807434                vex::triport::triport(long)
                0x0000000003807434                vex::triport::triport(long)
 .text._ZN3vex7triport4port4typeENS_11triportTypeE
                0x0000000003807524       0x30 /Applications/VEXcode Pro V5.app/Contents/Resources/sdk/vexv5/libv5rt.a(vex_triport.cpp.obj)
                0x0000000003807524                vex::triport::port::type(vex::triportType)
 .text._ZN3vex7triport4port4typeEv
                0x0000000003807554       0x38 /Applications/VEXcode Pro V5.app/Contents/Resources/sdk/vexv5/libv5rt.a(vex_triport.cpp.obj)
                0x0000000003807554                vex::triport::port::type()
 .text._ZN3vex7triport4port5valueEv
                0x000000000380758c       0x14 /Applications/VEXcode Pro V5.app/Contents/Resources/sdk/vexv5/libv5rt.a(vex_triport.cpp.obj)
                0x000000000380758c                vex::triport::port::value()
 .text._ZN3vex7triport4port5valueEl
                0x00000000038075a0       0x18 /Applications/VEXcode Pro V5.app/Contents/Resources/sdk/vexv5/libv5rt.a(vex_triport.cpp.obj)
                0x00000000038075a0                vex::triport::port::value(long)
 .text._ZN3vex7triport4port7pressedEPFvvE
                0x00000000038075b8       0x20 /Applications/VEXcode Pro V5.app/Contents/Resources/sdk/vexv5/libv5rt.a(vex_triport.cpp.obj)
                0x00000000038075b8                vex::triport::port::pressed(void (*)())
 .text._ZN3vex7triport4port8releasedEPFvvE
                0x00000000038075d8       0x24 /Applications/VEXcode Pro V5.app/Contents/Resources/sdk/vexv5/libv5rt.a(vex_triport.cpp.obj)
                0x00000000038075d8                vex::triport::port::released(void (*)())
 .text._ZN3vex11__trideviceC2ERNS_7triport4portENS_11triportTypeE
                0x00000000038075fc       0x5c /Applications/VEXcode Pro V5.app/Contents/Resources/sdk/vexv5/libv5rt.a(vex_triport.cpp.obj)
                0x00000000038075fc                vex::__tridevice::__tridevice(vex::triport::port&, vex::triportType)
                0x00000000038075fc                vex::__tridevice::__tridevice(vex::triport::port&, vex::triportType)
 .text._ZN3vex5limitC2ERNS_7triport4portE
                0x0000000003807658       0x28 /Applications/VEXcode Pro V5.app/Contents/Resources/sdk/vexv5/libv5rt.a(vex_triport.cpp.obj)
                0x0000000003807658                vex::limit::limit(vex::triport::port&)
                0x0000000003807658                vex::limit::limit(vex::triport::port&)
 .text._ZN3vex5limitD2Ev
                0x0000000003807680        0x4 /Applications/VEXcode Pro V5.app/Contents/Resources/sdk/vexv5/libv5rt.a(vex_triport.cpp.obj)
                0x0000000003807680                vex::limit::~limit()
                0x0000000003807680                vex::limit::~limit()
 .text._ZN3vex5limit5valueEv
                0x0000000003807684        0x8 /Applications/VEXcode Pro V5.app/Contents/Resources/sdk/vexv5/libv5rt.a(vex_triport.cpp.obj)
                0x0000000003807684                vex::limit::value()
 .text._ZN3vex5limit7pressedEPFvvE
                0x000000000380768c        0x8 /Applications/VEXcode Pro V5.app/Contents/Resources/sdk/vexv5/libv5rt.a(vex_triport.cpp.obj)
                0x000000000380768c                vex::limit::pressed(void (*)())
 .text._ZN3vex5limit8releasedEPFvvE
                0x0000000003807694        0x8 /Applications/VEXcode Pro V5.app/Contents/Resources/sdk/vexv5/libv5rt.a(vex_triport.cpp.obj)
                0x0000000003807694                vex::limit::released(void (*)())
 .text._ZN3vex11digital_outC2ERNS_7triport4portE
                0x000000000380769c       0x18 /Applications/VEXcode Pro V5.app/Contents/Resources/sdk/vexv5/libv5rt.a(vex_triport.cpp.obj)
                0x000000000380769c                vex::digital_out::digital_out(vex::triport::port&)
                0x000000000380769c                vex::digital_out::digital_out(vex::triport::port&)
 .text._ZN3vex11digital_outD2Ev
                0x00000000038076b4        0x4 /Applications/VEXcode Pro V5.app/Contents/Resources/sdk/vexv5/libv5rt.a(vex_triport.cpp.obj)
                0x00000000038076b4                vex::digital_out::~digital_out()
                0x00000000038076b4                vex::digital_out::~digital_out()
 .text._ZN3vex11digital_out3setEb
                0x00000000038076b8        0x8 /Applications/VEXcode Pro V5.app/Contents/Resources/sdk/vexv5/libv5rt.a(vex_triport.cpp.obj)
                0x00000000038076b8                vex::digital_out::set(bool)
 .text._ZN3vex7encoderC2ERNS_7triport4portE
                0x00000000038076c0       0x20 /Applications/VEXcode Pro V5.app/Contents/Resources/sdk/vexv5/libv5rt.a(vex_triport.cpp.obj)
                0x00000000038076c0                vex::encoder::encoder(vex::triport::port&)
                0x00000000038076c0                vex::encoder::encoder(vex::triport::port&)
 .text._ZN3vex7encoderD2Ev
                0x00000000038076e0        0x4 /Applications/VEXcode Pro V5.app/Contents/Resources/sdk/vexv5/libv5rt.a(vex_triport.cpp.obj)
                0x00000000038076e0                vex::encoder::~encoder()
                0x00000000038076e0                vex::encoder::~encoder()
 .text.startup._GLOBAL__sub_I__ZN3vex7triportC2El
                0x00000000038076e4       0x30 /Applications/VEXcode Pro V5.app/Contents/Resources/sdk/vexv5/libv5rt.a(vex_triport.cpp.obj)
 .text._ZN3vex5colorD2Ev
                0x0000000003807714        0x4 /Applications/VEXcode Pro V5.app/Contents/Resources/sdk/vexv5/libv5rt.a(vex_color.cpp.obj)
                0x0000000003807714                vex::color::~color()
                0x0000000003807714                vex::color::~color()
 .text._ZNK3vex5colorcvmEv
                0x0000000003807718        0x8 /Applications/VEXcode Pro V5.app/Contents/Resources/sdk/vexv5/libv5rt.a(vex_color.cpp.obj)
                0x0000000003807718                vex::color::operator unsigned long() const
 .text.startup._GLOBAL__sub_I__ZN3vex5color5blackE
                0x0000000003807720      0x164 /Applications/VEXcode Pro V5.app/Contents/Resources/sdk/vexv5/libv5rt.a(vex_color.cpp.obj)
 .text._ZN3vex5timerD2Ev
                0x0000000003807884        0x4 /Applications/VEXcode Pro V5.app/Contents/Resources/sdk/vexv5/libv5rt.a(vex_timer.cpp.obj)
                0x0000000003807884                vex::timer::~timer()
                0x0000000003807884                vex::timer::~timer()
 .text._ZN3vex5timer5clearEv
                0x0000000003807888       0x1c /Applications/VEXcode Pro V5.app/Contents/Resources/sdk/vexv5/libv5rt.a(vex_timer.cpp.obj)
                0x0000000003807888                vex::timer::clear()
 .text._ZN3vex5timerC2Ev
                0x00000000038078a4       0x14 /Applications/VEXcode Pro V5.app/Contents/Resources/sdk/vexv5/libv5rt.a(vex_timer.cpp.obj)
                0x00000000038078a4                vex::timer::timer()
                0x00000000038078a4                vex::timer::timer()
 .text._ZNK3vex5timer4timeENS_9timeUnitsE
                0x00000000038078b8       0x40 /Applications/VEXcode Pro V5.app/Contents/Resources/sdk/vexv5/libv5rt.a(vex_timer.cpp.obj)
                0x00000000038078b8                vex::timer::time(vex::timeUnits) const
 .text._ZN3vex7vexlinkD2Ev
                0x00000000038078f8       0x20 /Applications/VEXcode Pro V5.app/Contents/Resources/sdk/vexv5/libv5rt.a(vex_vexlink.cpp.obj)
                0x00000000038078f8                vex::vexlink::~vexlink()
                0x00000000038078f8                vex::vexlink::~vexlink()
 .text._ZN3vex12message_linkD2Ev
                0x0000000003807918       0x28 /Applications/VEXcode Pro V5.app/Contents/Resources/sdk/vexv5/libv5rt.a(vex_vexlink.cpp.obj)
                0x0000000003807918                vex::message_link::~message_link()
                0x0000000003807918                vex::message_link::~message_link()
 .text._ZN3vex7vexlinkD0Ev
                0x0000000003807940       0x1c /Applications/VEXcode Pro V5.app/Contents/Resources/sdk/vexv5/libv5rt.a(vex_vexlink.cpp.obj)
                0x0000000003807940                vex::vexlink::~vexlink()
 .text._ZN3vex12message_linkD0Ev
                0x000000000380795c       0x1c /Applications/VEXcode Pro V5.app/Contents/Resources/sdk/vexv5/libv5rt.a(vex_vexlink.cpp.obj)
                0x000000000380795c                vex::message_link::~message_link()
 .text._ZN3vex7vexlink9installedEv
                0x0000000003807978       0x18 /Applications/VEXcode Pro V5.app/Contents/Resources/sdk/vexv5/libv5rt.a(vex_vexlink.cpp.obj)
                0x0000000003807978                vex::vexlink::installed()
 .text._ZN3vex7vexlinkC2ElPKcNS_8linkTypeEb
                0x0000000003807990      0x1d0 /Applications/VEXcode Pro V5.app/Contents/Resources/sdk/vexv5/libv5rt.a(vex_vexlink.cpp.obj)
                0x0000000003807990                vex::vexlink::vexlink(long, char const*, vex::linkType, bool)
                0x0000000003807990                vex::vexlink::vexlink(long, char const*, vex::linkType, bool)
 .text._ZN3vex12message_linkC2ElPKcNS_8linkTypeEb
                0x0000000003807b60       0x4c /Applications/VEXcode Pro V5.app/Contents/Resources/sdk/vexv5/libv5rt.a(vex_vexlink.cpp.obj)
                0x0000000003807b60                vex::message_link::message_link(long, char const*, vex::linkType, bool)
                0x0000000003807b60                vex::message_link::message_link(long, char const*, vex::linkType, bool)
 .text.vexAdiPortConfigSet
                0x0000000003807bac       0x28 /Applications/VEXcode Pro V5.app/Contents/Resources/sdk/vexv5/libv5rt.a(v5_apiuser.c.obj)
                0x0000000003807bac                vexAdiPortConfigSet
 .text.vexAdiPortConfigGet
                0x0000000003807bd4       0x28 /Applications/VEXcode Pro V5.app/Contents/Resources/sdk/vexv5/libv5rt.a(v5_apiuser.c.obj)
                0x0000000003807bd4                vexAdiPortConfigGet
 .text.vexAdiValueSet
                0x0000000003807bfc       0x28 /Applications/VEXcode Pro V5.app/Contents/Resources/sdk/vexv5/libv5rt.a(v5_apiuser.c.obj)
                0x0000000003807bfc                vexAdiValueSet
 .text.vexAdiValueGet
                0x0000000003807c24       0x20 /Applications/VEXcode Pro V5.app/Contents/Resources/sdk/vexv5/libv5rt.a(v5_apiuser.c.obj)
                0x0000000003807c24                vexAdiValueGet
 .text.vexMotorVelocitySet
                0x0000000003807c44       0x20 /Applications/VEXcode Pro V5.app/Contents/Resources/sdk/vexv5/libv5rt.a(v5_apiuser.c.obj)
                0x0000000003807c44                vexMotorVelocitySet
 .text.vexMotorVoltageSet
                0x0000000003807c64       0x20 /Applications/VEXcode Pro V5.app/Contents/Resources/sdk/vexv5/libv5rt.a(v5_apiuser.c.obj)
                0x0000000003807c64                vexMotorVoltageSet
 .text.vexMotorActualVelocityGet
                0x0000000003807c84       0x24 /Applications/VEXcode Pro V5.app/Contents/Resources/sdk/vexv5/libv5rt.a(v5_apiuser.c.obj)
                0x0000000003807c84                vexMotorActualVelocityGet
 .text.vexMotorZeroPositionFlagGet
                0x0000000003807ca8       0x18 /Applications/VEXcode Pro V5.app/Contents/Resources/sdk/vexv5/libv5rt.a(v5_apiuser.c.obj)
                0x0000000003807ca8                vexMotorZeroPositionFlagGet
 .text.vexMotorReverseFlagSet
                0x0000000003807cc0       0x20 /Applications/VEXcode Pro V5.app/Contents/Resources/sdk/vexv5/libv5rt.a(v5_apiuser.c.obj)
                0x0000000003807cc0                vexMotorReverseFlagSet
 .text.vexMotorEncoderUnitsSet
                0x0000000003807ce0       0x20 /Applications/VEXcode Pro V5.app/Contents/Resources/sdk/vexv5/libv5rt.a(v5_apiuser.c.obj)
                0x0000000003807ce0                vexMotorEncoderUnitsSet
 .text.vexMotorBrakeModeSet
                0x0000000003807d00       0x20 /Applications/VEXcode Pro V5.app/Contents/Resources/sdk/vexv5/libv5rt.a(v5_apiuser.c.obj)
                0x0000000003807d00                vexMotorBrakeModeSet
 .text.vexMotorPositionSet
                0x0000000003807d20       0x28 /Applications/VEXcode Pro V5.app/Contents/Resources/sdk/vexv5/libv5rt.a(v5_apiuser.c.obj)
                0x0000000003807d20                vexMotorPositionSet
 .text.vexMotorPositionGet
                0x0000000003807d48       0x24 /Applications/VEXcode Pro V5.app/Contents/Resources/sdk/vexv5/libv5rt.a(v5_apiuser.c.obj)
                0x0000000003807d48                vexMotorPositionGet
 .text.vexMotorAbsoluteTargetSet
                0x0000000003807d6c       0x30 /Applications/VEXcode Pro V5.app/Contents/Resources/sdk/vexv5/libv5rt.a(v5_apiuser.c.obj)
                0x0000000003807d6c                vexMotorAbsoluteTargetSet
 .text.vexMotorRelativeTargetSet
                0x0000000003807d9c       0x30 /Applications/VEXcode Pro V5.app/Contents/Resources/sdk/vexv5/libv5rt.a(v5_apiuser.c.obj)
                0x0000000003807d9c                vexMotorRelativeTargetSet
 .text.vexMotorGearingSet
                0x0000000003807dcc       0x20 /Applications/VEXcode Pro V5.app/Contents/Resources/sdk/vexv5/libv5rt.a(v5_apiuser.c.obj)
                0x0000000003807dcc                vexMotorGearingSet
 .text.vexMotorGearingGet
                0x0000000003807dec       0x18 /Applications/VEXcode Pro V5.app/Contents/Resources/sdk/vexv5/libv5rt.a(v5_apiuser.c.obj)
                0x0000000003807dec                vexMotorGearingGet
 .text.vexImuReset
                0x0000000003807e04       0x10 /Applications/VEXcode Pro V5.app/Contents/Resources/sdk/vexv5/libv5rt.a(v5_apiuser.c.obj)
                0x0000000003807e04                vexImuReset
 .text.vexImuHeadingGet
                0x0000000003807e14       0x10 /Applications/VEXcode Pro V5.app/Contents/Resources/sdk/vexv5/libv5rt.a(v5_apiuser.c.obj)
                0x0000000003807e14                vexImuHeadingGet
 .text.vexImuDegreesGet
                0x0000000003807e24       0x10 /Applications/VEXcode Pro V5.app/Contents/Resources/sdk/vexv5/libv5rt.a(v5_apiuser.c.obj)
                0x0000000003807e24                vexImuDegreesGet
 .text.vexImuAttitudeGet
                0x0000000003807e34       0x18 /Applications/VEXcode Pro V5.app/Contents/Resources/sdk/vexv5/libv5rt.a(v5_apiuser.c.obj)
                0x0000000003807e34                vexImuAttitudeGet
 .text.vexImuStatusGet
                0x0000000003807e4c       0x10 /Applications/VEXcode Pro V5.app/Contents/Resources/sdk/vexv5/libv5rt.a(v5_apiuser.c.obj)
                0x0000000003807e4c                vexImuStatusGet
 .text.vexGpsReset
                0x0000000003807e5c       0x10 /Applications/VEXcode Pro V5.app/Contents/Resources/sdk/vexv5/libv5rt.a(v5_apiuser.c.obj)
                0x0000000003807e5c                vexGpsReset
 .text.vexGpsHeadingGet
                0x0000000003807e6c       0x10 /Applications/VEXcode Pro V5.app/Contents/Resources/sdk/vexv5/libv5rt.a(v5_apiuser.c.obj)
                0x0000000003807e6c                vexGpsHeadingGet
 .text.vexGpsDegreesGet
                0x0000000003807e7c       0x10 /Applications/VEXcode Pro V5.app/Contents/Resources/sdk/vexv5/libv5rt.a(v5_apiuser.c.obj)
                0x0000000003807e7c                vexGpsDegreesGet
 .text.vexGpsStatusGet
                0x0000000003807e8c       0x10 /Applications/VEXcode Pro V5.app/Contents/Resources/sdk/vexv5/libv5rt.a(v5_apiuser.c.obj)
                0x0000000003807e8c                vexGpsStatusGet
 .text.vexGpsModeSet
                0x0000000003807e9c       0x18 /Applications/VEXcode Pro V5.app/Contents/Resources/sdk/vexv5/libv5rt.a(v5_apiuser.c.obj)
                0x0000000003807e9c                vexGpsModeSet
 .text.vexGpsOriginSet
                0x0000000003807eb4       0x28 /Applications/VEXcode Pro V5.app/Contents/Resources/sdk/vexv5/libv5rt.a(v5_apiuser.c.obj)
                0x0000000003807eb4                vexGpsOriginSet
 .text.vexGpsRotationSet
                0x0000000003807edc       0x20 /Applications/VEXcode Pro V5.app/Contents/Resources/sdk/vexv5/libv5rt.a(v5_apiuser.c.obj)
                0x0000000003807edc                vexGpsRotationSet
 .text.vexGpsRotationGet
                0x0000000003807efc       0x10 /Applications/VEXcode Pro V5.app/Contents/Resources/sdk/vexv5/libv5rt.a(v5_apiuser.c.obj)
                0x0000000003807efc                vexGpsRotationGet
 .text.vexEventMaskSet
                0x0000000003807f0c       0x28 /Applications/VEXcode Pro V5.app/Contents/Resources/sdk/vexv5/libv5rt.a(v5_apiuser.c.obj)
                0x0000000003807f0c                vexEventMaskSet
 .text.vexEventMaskGet
                0x0000000003807f34       0x18 /Applications/VEXcode Pro V5.app/Contents/Resources/sdk/vexv5/libv5rt.a(v5_apiuser.c.obj)
                0x0000000003807f34                vexEventMaskGet
 .text.vexGenericSerialEnable
                0x0000000003807f4c       0x20 /Applications/VEXcode Pro V5.app/Contents/Resources/sdk/vexv5/libv5rt.a(v5_apiuser.c.obj)
                0x0000000003807f4c                vexGenericSerialEnable
 .text.vexGenericSerialBaudrate
                0x0000000003807f6c       0x20 /Applications/VEXcode Pro V5.app/Contents/Resources/sdk/vexv5/libv5rt.a(v5_apiuser.c.obj)
                0x0000000003807f6c                vexGenericSerialBaudrate
 .text.vexGenericSerialWriteChar
                0x0000000003807f8c       0x20 /Applications/VEXcode Pro V5.app/Contents/Resources/sdk/vexv5/libv5rt.a(v5_apiuser.c.obj)
                0x0000000003807f8c                vexGenericSerialWriteChar
 .text.vexGenericSerialWriteFree
                0x0000000003807fac       0x18 /Applications/VEXcode Pro V5.app/Contents/Resources/sdk/vexv5/libv5rt.a(v5_apiuser.c.obj)
                0x0000000003807fac                vexGenericSerialWriteFree
 .text.vexGenericSerialTransmit
                0x0000000003807fc4       0x28 /Applications/VEXcode Pro V5.app/Contents/Resources/sdk/vexv5/libv5rt.a(v5_apiuser.c.obj)
                0x0000000003807fc4                vexGenericSerialTransmit
 .text.vexGenericSerialReadChar
                0x0000000003807fec       0x18 /Applications/VEXcode Pro V5.app/Contents/Resources/sdk/vexv5/libv5rt.a(v5_apiuser.c.obj)
                0x0000000003807fec                vexGenericSerialReadChar
 .text.vexGenericSerialPeekChar
                0x0000000003808004       0x18 /Applications/VEXcode Pro V5.app/Contents/Resources/sdk/vexv5/libv5rt.a(v5_apiuser.c.obj)
                0x0000000003808004                vexGenericSerialPeekChar
 .text.vexGenericSerialReceiveAvail
                0x000000000380801c       0x18 /Applications/VEXcode Pro V5.app/Contents/Resources/sdk/vexv5/libv5rt.a(v5_apiuser.c.obj)
                0x000000000380801c                vexGenericSerialReceiveAvail
 .text.vexGenericSerialReceive
                0x0000000003808034       0x28 /Applications/VEXcode Pro V5.app/Contents/Resources/sdk/vexv5/libv5rt.a(v5_apiuser.c.obj)
                0x0000000003808034                vexGenericSerialReceive
 .text.vexGenericRadioConnection
                0x000000000380805c       0x30 /Applications/VEXcode Pro V5.app/Contents/Resources/sdk/vexv5/libv5rt.a(v5_apiuser.c.obj)
                0x000000000380805c                vexGenericRadioConnection
 .text.vexGenericRadioWriteChar
                0x000000000380808c       0x20 /Applications/VEXcode Pro V5.app/Contents/Resources/sdk/vexv5/libv5rt.a(v5_apiuser.c.obj)
                0x000000000380808c                vexGenericRadioWriteChar
 .text.vexGenericRadioWriteFree
                0x00000000038080ac       0x18 /Applications/VEXcode Pro V5.app/Contents/Resources/sdk/vexv5/libv5rt.a(v5_apiuser.c.obj)
                0x00000000038080ac                vexGenericRadioWriteFree
 .text.vexGenericRadioTransmit
                0x00000000038080c4       0x28 /Applications/VEXcode Pro V5.app/Contents/Resources/sdk/vexv5/libv5rt.a(v5_apiuser.c.obj)
                0x00000000038080c4                vexGenericRadioTransmit
 .text.vexGenericRadioReadChar
                0x00000000038080ec       0x18 /Applications/VEXcode Pro V5.app/Contents/Resources/sdk/vexv5/libv5rt.a(v5_apiuser.c.obj)
                0x00000000038080ec                vexGenericRadioReadChar
 .text.vexGenericRadioPeekChar
                0x0000000003808104       0x18 /Applications/VEXcode Pro V5.app/Contents/Resources/sdk/vexv5/libv5rt.a(v5_apiuser.c.obj)
                0x0000000003808104                vexGenericRadioPeekChar
 .text.vexGenericRadioReceiveAvail
                0x000000000380811c       0x18 /Applications/VEXcode Pro V5.app/Contents/Resources/sdk/vexv5/libv5rt.a(v5_apiuser.c.obj)
                0x000000000380811c                vexGenericRadioReceiveAvail
 .text.vexGenericRadioReceive
                0x0000000003808134       0x28 /Applications/VEXcode Pro V5.app/Contents/Resources/sdk/vexv5/libv5rt.a(v5_apiuser.c.obj)
                0x0000000003808134                vexGenericRadioReceive
 .text.vexGenericCdcConnection
                0x000000000380815c       0x20 /Applications/VEXcode Pro V5.app/Contents/Resources/sdk/vexv5/libv5rt.a(v5_apiuser.c.obj)
                0x000000000380815c                vexGenericCdcConnection
 .text.vexGenericCdcWriteChar
                0x000000000380817c       0x20 /Applications/VEXcode Pro V5.app/Contents/Resources/sdk/vexv5/libv5rt.a(v5_apiuser.c.obj)
                0x000000000380817c                vexGenericCdcWriteChar
 .text.vexGenericCdcWriteFree
                0x000000000380819c       0x18 /Applications/VEXcode Pro V5.app/Contents/Resources/sdk/vexv5/libv5rt.a(v5_apiuser.c.obj)
                0x000000000380819c                vexGenericCdcWriteFree
 .text.vexGenericCdcTransmit
                0x00000000038081b4       0x28 /Applications/VEXcode Pro V5.app/Contents/Resources/sdk/vexv5/libv5rt.a(v5_apiuser.c.obj)
                0x00000000038081b4                vexGenericCdcTransmit
 .text.vexGenericCdcReadChar
                0x00000000038081dc       0x18 /Applications/VEXcode Pro V5.app/Contents/Resources/sdk/vexv5/libv5rt.a(v5_apiuser.c.obj)
                0x00000000038081dc                vexGenericCdcReadChar
 .text.vexGenericCdcPeekChar